Archive member included to satisfy reference by file (symbol)

examples/libexamples.a(HSM_OLED_1in3_C_test.c.obj)
                              CMakeFiles/main.dir/main.c.obj (HSM_OLED_1in3_C_test)
lib/OLED/libOLED.a(OLED_1in3_c.c.obj)
                              examples/libexamples.a(HSM_OLED_1in3_C_test.c.obj) (OLED_1in3_C_Init)
lib/GUI/libGUI.a(GUI_Paint.c.obj)
                              examples/libexamples.a(HSM_OLED_1in3_C_test.c.obj) (Paint_NewImage)
lib/Fonts/libFonts.a(font12.c.obj)
                              examples/libexamples.a(HSM_OLED_1in3_C_test.c.obj) (Font12)
lib/Fonts/libFonts.a(font8.c.obj)
                              examples/libexamples.a(HSM_OLED_1in3_C_test.c.obj) (Font8)
lib/Config/libConfig.a(DEV_Config.c.obj)
                              lib/OLED/libOLED.a(OLED_1in3_c.c.obj) (DEV_Digital_Write)
/usr/lib/gcc/arm-none-eabi/13.2.1/thumb/v6-m/nofp/libgcc.a(_dvmd_tls.o)
                              CMakeFiles/main.dir/usr/local/picosdk/src/rp2_common/pico_divider/divider_hardware.S.obj (__aeabi_idiv0)
/usr/lib/gcc/arm-none-eabi/13.2.1/../../../arm-none-eabi/lib/thumb/v6-m/nofp/libg.a(libc_a-calloc.o)
                              CMakeFiles/main.dir/usr/local/picosdk/src/rp2_common/pico_malloc/malloc.c.obj (calloc)
/usr/lib/gcc/arm-none-eabi/13.2.1/../../../arm-none-eabi/lib/thumb/v6-m/nofp/libg.a(libc_a-impure.o)
                              /usr/lib/gcc/arm-none-eabi/13.2.1/../../../arm-none-eabi/lib/thumb/v6-m/nofp/libg.a(libc_a-calloc.o) (_impure_ptr)
/usr/lib/gcc/arm-none-eabi/13.2.1/../../../arm-none-eabi/lib/thumb/v6-m/nofp/libg.a(libc_a-callocr.o)
                              /usr/lib/gcc/arm-none-eabi/13.2.1/../../../arm-none-eabi/lib/thumb/v6-m/nofp/libg.a(libc_a-calloc.o) (_calloc_r)
/usr/lib/gcc/arm-none-eabi/13.2.1/../../../arm-none-eabi/lib/thumb/v6-m/nofp/libg.a(libc_a-realloc.o)
                              CMakeFiles/main.dir/usr/local/picosdk/src/rp2_common/pico_malloc/malloc.c.obj (realloc)
/usr/lib/gcc/arm-none-eabi/13.2.1/../../../arm-none-eabi/lib/thumb/v6-m/nofp/libg.a(libc_a-mallocr.o)
                              /usr/lib/gcc/arm-none-eabi/13.2.1/../../../arm-none-eabi/lib/thumb/v6-m/nofp/libg.a(libc_a-callocr.o) (_malloc_r)
/usr/lib/gcc/arm-none-eabi/13.2.1/../../../arm-none-eabi/lib/thumb/v6-m/nofp/libg.a(libc_a-freer.o)
                              /usr/lib/gcc/arm-none-eabi/13.2.1/../../../arm-none-eabi/lib/thumb/v6-m/nofp/libg.a(libc_a-mallocr.o) (_free_r)
/usr/lib/gcc/arm-none-eabi/13.2.1/../../../arm-none-eabi/lib/thumb/v6-m/nofp/libg.a(libc_a-memcmp.o)
                              CMakeFiles/main.dir/usr/local/picosdk/src/rp2_common/pico_atomic/atomic.c.obj (memcmp)
/usr/lib/gcc/arm-none-eabi/13.2.1/../../../arm-none-eabi/lib/thumb/v6-m/nofp/libg.a(libc_a-malloc.o)
                              CMakeFiles/main.dir/usr/local/picosdk/src/rp2_common/pico_malloc/malloc.c.obj (malloc)
/usr/lib/gcc/arm-none-eabi/13.2.1/../../../arm-none-eabi/lib/thumb/v6-m/nofp/libg.a(libc_a-sysconf.o)
                              /usr/lib/gcc/arm-none-eabi/13.2.1/../../../arm-none-eabi/lib/thumb/v6-m/nofp/libg.a(libc_a-mallocr.o) (sysconf)
/usr/lib/gcc/arm-none-eabi/13.2.1/../../../arm-none-eabi/lib/thumb/v6-m/nofp/libg.a(libc_a-init.o)
                              /usr/lib/gcc/arm-none-eabi/13.2.1/../../../arm-none-eabi/lib/thumb/v6-m/nofp/crt0.o (__libc_init_array)
/usr/lib/gcc/arm-none-eabi/13.2.1/../../../arm-none-eabi/lib/thumb/v6-m/nofp/libg.a(libc_a-reallocr.o)
                              /usr/lib/gcc/arm-none-eabi/13.2.1/../../../arm-none-eabi/lib/thumb/v6-m/nofp/libg.a(libc_a-realloc.o) (_realloc_r)
/usr/lib/gcc/arm-none-eabi/13.2.1/../../../arm-none-eabi/lib/thumb/v6-m/nofp/libg.a(libc_a-mktime.o)
                              CMakeFiles/main.dir/usr/local/picosdk/src/common/pico_util/datetime.c.obj (mktime)
/usr/lib/gcc/arm-none-eabi/13.2.1/../../../arm-none-eabi/lib/thumb/v6-m/nofp/libg.a(libc_a-mlock.o)
                              /usr/lib/gcc/arm-none-eabi/13.2.1/../../../arm-none-eabi/lib/thumb/v6-m/nofp/libg.a(libc_a-mallocr.o) (__malloc_lock)
/usr/lib/gcc/arm-none-eabi/13.2.1/../../../arm-none-eabi/lib/thumb/v6-m/nofp/libg.a(libc_a-findfp.o)
                              /usr/lib/gcc/arm-none-eabi/13.2.1/../../../arm-none-eabi/lib/thumb/v6-m/nofp/libg.a(libc_a-impure.o) (__sf)
/usr/lib/gcc/arm-none-eabi/13.2.1/../../../arm-none-eabi/lib/thumb/v6-m/nofp/libg.a(libc_a-tzlock.o)
                              /usr/lib/gcc/arm-none-eabi/13.2.1/../../../arm-none-eabi/lib/thumb/v6-m/nofp/libg.a(libc_a-mktime.o) (__tz_lock)
/usr/lib/gcc/arm-none-eabi/13.2.1/../../../arm-none-eabi/lib/thumb/v6-m/nofp/libg.a(libc_a-atexit.o)
                              /usr/lib/gcc/arm-none-eabi/13.2.1/../../../arm-none-eabi/lib/thumb/v6-m/nofp/crt0.o (atexit)
/usr/lib/gcc/arm-none-eabi/13.2.1/../../../arm-none-eabi/lib/thumb/v6-m/nofp/libg.a(libc_a-lcltime_r.o)
[...]
Memory Configuration

Name             Origin             Length             Attributes
FLASH            0x10000000         0x00200000         xr
RAM              0x20000000         0x00040000         xrw
SCRATCH_X        0x20040000         0x00001000         xrw
SCRATCH_Y        0x20041000         0x00001000         xrw
*default*        0x00000000         0xffffffff

Linker script and memory map

LOAD /usr/lib/gcc/arm-none-eabi/13.2.1/thumb/v6-m/nofp/crti.o
LOAD /usr/lib/gcc/arm-none-eabi/13.2.1/thumb/v6-m/nofp/crtbegin.o
LOAD /usr/lib/gcc/arm-none-eabi/13.2.1/../../../arm-none-eabi/lib/thumb/v6-m/nofp/crt0.o

.flash_begin    0x10000000        0x0
                0x10000000                        __flash_binary_start = .

.boot2          0x10000000      0x100
                0x10000000                        __boot2_start__ = .
 *(.boot2)
 .boot2         0x10000000      0x100 /tmp/ccuar5yE.o
                0x10000100                        __boot2_end__ = .
                0x00000001                        ASSERT (((__boot2_end__ - __boot2_start__) == 0x100), ERROR: Pico second stage bootloader must be 256 bytes in size)

.text           0x10000100     0x9498
                0x10000100                        __logical_binary_start = .
 *(.vectors)
 .vectors       0x10000100       0xd4 CMakeFiles/main.dir/usr/local/picosdk/src/rp2_common/pico_crt0/crt0.S.obj
                0x10000100                __vectors
                0x10000100                __VECTOR_TABLE
                0x100001c0                isr_invalid
                0x100001c0                __default_isrs_start
                0x100001c2                isr_nmi
                0x100001c4                isr_hardfault
                0x100001c6                isr_svcall
                0x100001c8                isr_pendsv
                0x100001ca                isr_systick
                0x100001cc                isr_irq30
                0x100001cc                __unhandled_user_irq
                0x100001cc                isr_irq13
                0x100001cc                isr_irq27
                0x100001cc                isr_irq31
                0x100001cc                isr_irq5
                0x100001cc                isr_irq11
                0x100001cc                isr_irq23
                0x100001cc                isr_irq18
                0x100001cc                isr_irq28
                0x100001cc                isr_irq19
                0x100001cc                isr_irq0
                0x100001cc                isr_irq6
                0x100001cc                isr_irq22
                0x100001cc                isr_irq17
                0x100001cc                isr_irq14
                0x100001cc                isr_irq2
                0x100001cc                isr_irq10
                0x100001cc                isr_irq8
                0x100001cc                isr_irq24
                0x100001cc                isr_irq1
                0x100001cc                isr_irq7
                0x100001cc                isr_irq21
                0x100001cc                isr_irq20
                0x100001cc                isr_irq15
                0x100001cc                isr_irq25
                0x100001cc                isr_irq4
                0x100001cc                isr_irq16
                0x100001cc                isr_irq29
                0x100001cc                isr_irq26
                0x100001cc                __default_isrs_end
                0x100001cc                isr_irq3
                0x100001cc                isr_irq12
                0x100001cc                isr_irq9
                0x100001d2                unhandled_user_irq_num_in_r0
 *(.binary_info_header)
 .binary_info_header
                0x100001d4       0x14 CMakeFiles/main.dir/usr/local/picosdk/src/rp2_common/pico_crt0/crt0.S.obj
                0x100001e8                        __binary_info_header_end = .
 *(.embedded_block)
                0x100001e8                        __embedded_block_end = .
 *(.reset)
 .reset         0x100001e8       0x9c CMakeFiles/main.dir/usr/local/picosdk/src/rp2_common/pico_crt0/crt0.S.obj
                0x100001e8                _entry_point
 *(.init)
 .init          0x10000284        0x4 /usr/lib/gcc/arm-none-eabi/13.2.1/thumb/v6-m/nofp/crti.o
                0x10000284                _init
 *(EXCLUDE_FILE(*libm.a: *libc.a:*lib_a-mem*.o *libgcc.a:) .text*)
 .text          0x10000288       0x98 /usr/lib/gcc/arm-none-eabi/13.2.1/thumb/v6-m/nofp/crtbegin.o
 .text.startup.main
                0x10000320        0xc CMakeFiles/main.dir/main.c.obj
                0x10000320                main
 .text.gpio_set_function
                0x1000032c       0x34 CMakeFiles/main.dir/usr/local/picosdk/src/rp2_common/hardware_gpio/gpio.c.obj
                0x1000032c                gpio_set_function
 .text.gpio_set_pulls
                0x10000360       0x28 CMakeFiles/main.dir/usr/local/picosdk/src/rp2_common/hardware_gpio/gpio.c.obj
                0x10000360                gpio_set_pulls
 .text.gpio_init
                0x10000388       0x40 CMakeFiles/main.dir/usr/local/picosdk/src/rp2_common/hardware_gpio/gpio.c.obj
                0x10000388                gpio_init
 .text.rp2040_chip_version
                0x100003c8        0xc CMakeFiles/main.dir/usr/local/picosdk/src/rp2040/pico_platform/platform.c.obj
                0x100003c8                rp2040_chip_version
 .text.panic    0x100003d4       0x30 CMakeFiles/main.dir/usr/local/picosdk/src/rp2_common/pico_platform_panic/panic.c.obj
                0x100003d4                panic
 .text.hw_claim_or_assert
                0x10000404       0x44 CMakeFiles/main.dir/usr/local/picosdk/src/common/hardware_claim/claim.c.obj
                0x10000404                hw_claim_or_assert
 .text.hw_claim_unused_from_range
                0x10000448       0x9c CMakeFiles/main.dir/usr/local/picosdk/src/common/hardware_claim/claim.c.obj
                0x10000448                hw_claim_unused_from_range
 .text.next_striped_spin_lock_num
                0x100004e4       0x18 CMakeFiles/main.dir/usr/local/picosdk/src/rp2_common/hardware_sync/sync.c.obj
                0x100004e4                next_striped_spin_lock_num
 .text.spin_lock_claim_unused
                0x100004fc       0x24 CMakeFiles/main.dir/usr/local/picosdk/src/rp2_common/hardware_sync/sync.c.obj
                0x100004fc                spin_lock_claim_unused
 .text.spin_locks_reset
                0x10000520       0x1c CMakeFiles/main.dir/usr/local/picosdk/src/rp2_common/hardware_sync_spin_lock/sync_spin_lock.c.obj
                0x10000520                spin_locks_reset
 .text.runtime_init_per_core_irq_priorities
                0x1000053c       0x24 CMakeFiles/main.dir/usr/local/picosdk/src/rp2_common/hardware_irq/irq.c.obj
                0x1000053c                runtime_init_per_core_irq_priorities
 .text.irq_set_enabled
                0x10000560       0x24 CMakeFiles/main.dir/usr/local/picosdk/src/rp2_common/hardware_irq/irq.c.obj
                0x10000560                irq_set_enabled
 .text.irq_is_enabled
                0x10000584       0x18 CMakeFiles/main.dir/usr/local/picosdk/src/rp2_common/hardware_irq/irq.c.obj
                0x10000584                irq_is_enabled
 .text.irq_set_pending
                0x1000059c       0x10 CMakeFiles/main.dir/usr/local/picosdk/src/rp2_common/hardware_irq/irq.c.obj
                0x1000059c                irq_set_pending
 .text.irq_has_shared_handler
                0x100005ac       0x2c CMakeFiles/main.dir/usr/local/picosdk/src/rp2_common/hardware_irq/irq.c.obj
                0x100005ac                irq_has_shared_handler
 .text.irq_set_exclusive_handler
                0x100005d8       0x54 CMakeFiles/main.dir/usr/local/picosdk/src/rp2_common/hardware_irq/irq.c.obj
                0x100005d8                irq_set_exclusive_handler
 .text.irq_add_shared_handler
                0x1000062c      0x1f4 CMakeFiles/main.dir/usr/local/picosdk/src/rp2_common/hardware_irq/irq.c.obj
                0x1000062c                irq_add_shared_handler
 .text.irq_remove_handler
                0x10000820      0x1d4 CMakeFiles/main.dir/usr/local/picosdk/src/rp2_common/hardware_irq/irq.c.obj
                0x10000820                irq_remove_handler
 .text.irq_add_tail_to_free_list
                0x100009f4       0xb4 CMakeFiles/main.dir/usr/local/picosdk/src/rp2_common/hardware_irq/irq.c.obj
                0x100009f4                irq_add_tail_to_free_list
 .text.user_irq_claim_unused
                0x10000aa8       0x2c CMakeFiles/main.dir/usr/local/picosdk/src/rp2_common/hardware_irq/irq.c.obj
                0x10000aa8                user_irq_claim_unused
 .text.lock_init
                0x10000ad4       0x10 CMakeFiles/main.dir/usr/local/picosdk/src/common/pico_sync/lock_core.c.obj
                0x10000ad4                lock_init
 .text.runtime_init_mutex
                0x10000ae4       0x50 CMakeFiles/main.dir/usr/local/picosdk/src/common/pico_sync/mutex.c.obj
                0x10000ae4                runtime_init_mutex
 .text.mutex_init
                0x10000b34       0x1c CMakeFiles/main.dir/usr/local/picosdk/src/common/pico_sync/mutex.c.obj
                0x10000b34                mutex_init
 .text.critical_section_init
                0x10000b50       0x1c CMakeFiles/main.dir/usr/local/picosdk/src/common/pico_sync/critical_section.c.obj
                0x10000b50                critical_section_init
 .text.critical_section_init_with_lock_num
                0x10000b6c       0x14 CMakeFiles/main.dir/usr/local/picosdk/src/common/pico_sync/critical_section.c.obj
                0x10000b6c                critical_section_init_with_lock_num
 .text.sleep_until_callback
                0x10000b80       0x30 CMakeFiles/main.dir/usr/local/picosdk/src/common/pico_time/time.c.obj
 .text.alarm_pool_irq_handler
                0x10000bb0      0x2e4 CMakeFiles/main.dir/usr/local/picosdk/src/common/pico_time/time.c.obj
 .text.runtime_init_default_alarm_pool
                0x10000e94       0xdc CMakeFiles/main.dir/usr/local/picosdk/src/common/pico_time/time.c.obj
                0x10000e94                runtime_init_default_alarm_pool
 .text.alarm_pool_get_default
                0x10000f70        0x8 CMakeFiles/main.dir/usr/local/picosdk/src/common/pico_time/time.c.obj
                0x10000f70                alarm_pool_get_default
 .text.alarm_pool_add_alarm_at
                0x10000f78       0xd4 CMakeFiles/main.dir/usr/local/picosdk/src/common/pico_time/time.c.obj
                0x10000f78                alarm_pool_add_alarm_at
 .text.alarm_pool_cancel_alarm
                0x1000104c       0x74 CMakeFiles/main.dir/usr/local/picosdk/src/common/pico_time/time.c.obj
                0x1000104c                alarm_pool_cancel_alarm
 .text.alarm_pool_core_num
                0x100010c0        0x4 CMakeFiles/main.dir/usr/local/picosdk/src/common/pico_time/time.c.obj
                0x100010c0                alarm_pool_core_num
 .text.best_effort_wfe_or_timeout
                0x100010c4      0x134 CMakeFiles/main.dir/usr/local/picosdk/src/common/pico_time/time.c.obj
                0x100010c4                best_effort_wfe_or_timeout
 .text.timer_hardware_alarm_claim
                0x100011f8       0x14 CMakeFiles/main.dir/usr/local/picosdk/src/rp2_common/hardware_timer/timer.c.obj
                0x100011f8                timer_hardware_alarm_claim
 .text.timer_time_us_64
                0x1000120c       0x10 CMakeFiles/main.dir/usr/local/picosdk/src/rp2_common/hardware_timer/timer.c.obj
                0x1000120c                timer_time_us_64
 .text.time_us_64
                0x1000121c       0x14 CMakeFiles/main.dir/usr/local/picosdk/src/rp2_common/hardware_timer/timer.c.obj
                0x1000121c                time_us_64
 .text.busy_wait_us
                0x10001230       0x68 CMakeFiles/main.dir/usr/local/picosdk/src/rp2_common/hardware_timer/timer.c.obj
                0x10001230                busy_wait_us
 .text.uart_init
                0x10001298      0x120 CMakeFiles/main.dir/usr/local/picosdk/src/rp2_common/hardware_uart/uart.c.obj
                0x10001298                uart_init
 .text.clock_configure_int_divider
                0x100013b8       0xf4 CMakeFiles/main.dir/usr/local/picosdk/src/rp2_common/hardware_clocks/clocks.c.obj
                0x100013b8                clock_configure_int_divider
 .text.clock_configure_undivided
                0x100014ac       0xe8 CMakeFiles/main.dir/usr/local/picosdk/src/rp2_common/hardware_clocks/clocks.c.obj
                0x100014ac                clock_configure_undivided
 .text.clock_get_hz
                0x10001594        0xc CMakeFiles/main.dir/usr/local/picosdk/src/rp2_common/hardware_clocks/clocks.c.obj
                0x10001594                clock_get_hz
 .text.pll_init
                0x100015a0       0xa4 CMakeFiles/main.dir/usr/local/picosdk/src/rp2_common/hardware_pll/pll.c.obj
                0x100015a0                pll_init
 .text.watchdog_reboot
                0x10001644       0x9c CMakeFiles/main.dir/usr/local/picosdk/src/rp2_common/hardware_watchdog/watchdog.c.obj
                0x10001644                watchdog_reboot
 .text.tick_start
                0x100016e0       0x10 CMakeFiles/main.dir/usr/local/picosdk/src/rp2_common/hardware_ticks/ticks.c.obj
                0x100016e0                tick_start
 .text.xosc_init
                0x100016f0       0x28 CMakeFiles/main.dir/usr/local/picosdk/src/rp2_common/hardware_xosc/xosc.c.obj
                0x100016f0                xosc_init
 .text.first_per_core_initializer
                0x10001718        0x4 CMakeFiles/main.dir/usr/local/picosdk/src/rp2_common/pico_runtime/runtime.c.obj
 .text.hard_assertion_failure
                0x1000171c        0xc CMakeFiles/main.dir/usr/local/picosdk/src/rp2_common/pico_runtime/runtime.c.obj
                0x1000171c                hard_assertion_failure
 .text.runtime_run_initializers
                0x10001728       0x28 CMakeFiles/main.dir/usr/local/picosdk/src/rp2_common/pico_runtime/runtime.c.obj
                0x10001728                runtime_run_initializers
 .text.runtime_init_early_resets
                0x10001750       0x2c CMakeFiles/main.dir/usr/local/picosdk/src/rp2_common/pico_runtime_init/runtime_init.c.obj
                0x10001750                runtime_init_early_resets
 .text.runtime_init_usb_power_down
                0x1000177c       0x1c CMakeFiles/main.dir/usr/local/picosdk/src/rp2_common/pico_runtime_init/runtime_init.c.obj
                0x1000177c                runtime_init_usb_power_down
 .text.runtime_init_post_clock_resets
                0x10001798       0x20 CMakeFiles/main.dir/usr/local/picosdk/src/rp2_common/pico_runtime_init/runtime_init.c.obj
                0x10001798                runtime_init_post_clock_resets
 .text.runtime_init_rp2040_gpio_ie_disable
                0x100017b8       0x14 CMakeFiles/main.dir/usr/local/picosdk/src/rp2_common/pico_runtime_init/runtime_init.c.obj
                0x100017b8                runtime_init_rp2040_gpio_ie_disable
 .text.runtime_init_spin_locks_reset
                0x100017cc        0x8 CMakeFiles/main.dir/usr/local/picosdk/src/rp2_common/pico_runtime_init/runtime_init.c.obj
                0x100017cc                runtime_init_spin_locks_reset
 .text.runtime_init_install_ram_vector_table
                0x100017d4       0x1c CMakeFiles/main.dir/usr/local/picosdk/src/rp2_common/pico_runtime_init/runtime_init.c.obj
                0x100017d4                runtime_init_install_ram_vector_table
 .text.runtime_init_clocks
                0x100017f0       0xd8 CMakeFiles/main.dir/usr/local/picosdk/src/rp2_common/pico_runtime_init/runtime_init_clocks.c.obj
                0x100017f0                runtime_init_clocks
 .text          0x100018c8       0x10 CMakeFiles/main.dir/usr/local/picosdk/src/rp2_common/pico_bit_ops/bit_ops_aeabi.S.obj
 .text.rom_func_lookup
                0x100018d8       0x10 CMakeFiles/main.dir/usr/local/picosdk/src/rp2_common/pico_bootrom/bootrom.c.obj
                0x100018d8                rom_func_lookup
 .text.rom_data_lookup
                0x100018e8       0x10 CMakeFiles/main.dir/usr/local/picosdk/src/rp2_common/pico_bootrom/bootrom.c.obj
                0x100018e8                rom_data_lookup
 .text.rom_funcs_lookup
                0x100018f8       0x44 CMakeFiles/main.dir/usr/local/picosdk/src/rp2_common/pico_bootrom/bootrom.c.obj
                0x100018f8                rom_funcs_lookup
 .text.rom_reset_usb_boot
                0x1000193c       0x20 CMakeFiles/main.dir/usr/local/picosdk/src/rp2_common/pico_bootrom/bootrom.c.obj
                0x1000193c                rom_reset_usb_boot
 .text.__wrap___aeabi_idiv
                0x1000195c       0x50 CMakeFiles/main.dir/usr/local/picosdk/src/rp2_common/pico_divider/divider_hardware.S.obj
                0x1000195c                __wrap___aeabi_idivmod
                0x1000195c                divmod_s32s32
                0x1000195c                div_s32s32
                0x1000195c                __wrap___aeabi_idiv
                0x10001964                divmod_s32s32_unsafe
                0x10001990                divmod_s32s32_savestate
 .text.__wrap___aeabi_uidiv
                0x100019ac       0x4c CMakeFiles/main.dir/usr/local/picosdk/src/rp2_common/pico_divider/divider_hardware.S.obj
                0x100019ac                __wrap___aeabi_uidiv
                0x100019ac                __wrap___aeabi_uidivmod
                0x100019ac                div_u32u32
                0x100019ac                divmod_u32u32
                0x100019b4                divmod_u32u32_unsafe
                0x100019dc                divmod_u32u32_savestate
 .text.__wrap___aeabi_ldiv
                0x100019f8      0x424 CMakeFiles/main.dir/usr/local/picosdk/src/rp2_common/pico_divider/divider_hardware.S.obj
                0x100019f8                div_s64s64
                0x100019f8                divmod_s64s64
                0x100019f8                __wrap___aeabi_ldivmod
                0x10001a28                div_u64u64
                0x10001a28                divmod_u64u64
                0x10001a28                __wrap___aeabi_uldivmod
                0x10001a38                divmod_u64u64_savestate
                0x10001a58                divmod_s64s64_unsafe
                0x10001ae0                divmod_u64u64_unsafe
 .text.__wrap___aeabi_darithmetic
                0x10001e1c       0x80 CMakeFiles/main.dir/usr/local/picosdk/src/rp2_common/pico_double/double_aeabi_rp2040.S.obj
                0x10001e1c                __wrap___aeabi_drsub
                0x10001e22                __wrap___aeabi_dsub
                0x10001e34                __wrap___aeabi_dadd
                0x10001e46                __wrap___aeabi_ddiv
                0x10001e82                __wrap___aeabi_dmul
 .text.__wrap___aeabi_cdcmple
                0x10001e9c       0x6c CMakeFiles/main.dir/usr/local/picosdk/src/rp2_common/pico_double/double_aeabi_rp2040.S.obj
                0x10001e9c                __wrap___aeabi_cdrcmple
                0x10001eac                __wrap___aeabi_cdcmple
                0x10001eac                __wrap___aeabi_cdcmpeq
 .text.__wrap___aeabi_dcmplt
                0x10001f08        0xc CMakeFiles/main.dir/usr/local/picosdk/src/rp2_common/pico_double/double_aeabi_rp2040.S.obj
                0x10001f08                __wrap___aeabi_dcmplt
 .text.__wrap___aeabi_dcmpge
                0x10001f14       0x10 CMakeFiles/main.dir/usr/local/picosdk/src/rp2_common/pico_double/double_aeabi_rp2040.S.obj
                0x10001f14                __wrap___aeabi_dcmpge
 .text.__wrap___aeabi_dcmpgt
                0x10001f24        0xa CMakeFiles/main.dir/usr/local/picosdk/src/rp2_common/pico_double/double_aeabi_rp2040.S.obj
                0x10001f24                __wrap___aeabi_dcmpgt
 .text.__wrap___aeabi_dcmpun
                0x10001f2e       0x18 CMakeFiles/main.dir/usr/local/picosdk/src/rp2_common/pico_double/double_aeabi_rp2040.S.obj
                0x10001f2e                __wrap___aeabi_dcmpun
 *fill*         0x10001f46        0x2 
 .text.__wrap___aeabi_i2d
                0x10001f48       0x38 CMakeFiles/main.dir/usr/local/picosdk/src/rp2_common/pico_double/double_aeabi_rp2040.S.obj
                0x10001f48                __wrap___aeabi_ui2d
                0x10001f50                __wrap___aeabi_i2d
 .text.__wrap___aeabi_d2iz
                0x10001f80       0x48 CMakeFiles/main.dir/usr/local/picosdk/src/rp2_common/pico_double/double_aeabi_rp2040.S.obj
                0x10001f80                __wrap___aeabi_d2iz
                0x10001f80                double2int_z
 .text.__wrap___aeabi_d2uiz
                0x10001fc8       0x18 CMakeFiles/main.dir/usr/local/picosdk/src/rp2_common/pico_double/double_aeabi_rp2040.S.obj
                0x10001fc8                double2uint
                0x10001fc8                __wrap___aeabi_d2uiz
 .text.__aeabi_double_init
                0x10001fe0       0xa4 CMakeFiles/main.dir/usr/local/picosdk/src/rp2_common/pico_double/double_init_rom_rp2040.c.obj
                0x10001fe0                __aeabi_double_init
 .text.double_table_shim_on_use_helper
                0x10002084       0x2c CMakeFiles/main.dir/usr/local/picosdk/src/rp2_common/pico_double/double_v1_rom_shim_rp2040.S.obj
                0x10002084                double_table_shim_on_use_helper
 .text.__wrap___aeabi_dsub
                0x100020b0       0x10 CMakeFiles/main.dir/usr/local/picosdk/src/rp2_common/pico_double/double_v1_rom_shim_rp2040.S.obj
                0x100020b0                drsub_shim
                0x100020b6                dsub_shim
 .text.dadd_shim
                0x100020c0      0x15c CMakeFiles/main.dir/usr/local/picosdk/src/rp2_common/pico_double/double_v1_rom_shim_rp2040.S.obj
                0x100020c0                dadd_shim
 .text.dmul_shim
                0x1000221c      0x15c CMakeFiles/main.dir/usr/local/picosdk/src/rp2_common/pico_double/double_v1_rom_shim_rp2040.S.obj
                0x1000221c                dmul_shim
 .text.ddiv_shim
                0x10002378      0x1b0 CMakeFiles/main.dir/usr/local/picosdk/src/rp2_common/pico_double/double_v1_rom_shim_rp2040.S.obj
                0x10002378                ddiv_shim
 .text.double2uint_shim
                0x10002528        0xe CMakeFiles/main.dir/usr/local/picosdk/src/rp2_common/pico_double/double_v1_rom_shim_rp2040.S.obj
                0x10002528                double2uint_shim
                0x1000252a                double2ufix_shim
 *fill*         0x10002536        0x2 
 .text.double2uint64_shim
                0x10002538       0x70 CMakeFiles/main.dir/usr/local/picosdk/src/rp2_common/pico_double/double_v1_rom_shim_rp2040.S.obj
                0x10002538                double2uint64_shim
                0x1000253a                double2ufix64_shim
                0x1000255a                d2fix_a
 .text.dunpacks
                0x100025a8       0x3c CMakeFiles/main.dir/usr/local/picosdk/src/rp2_common/pico_double/double_v1_rom_shim_rp2040.S.obj
                0x100025a8                dunpacks
 .text.__aeabi_lmul
                0x100025e4       0x32 CMakeFiles/main.dir/usr/local/picosdk/src/rp2_common/pico_int64_ops/pico_int64_ops_aeabi.S.obj
                0x100025e4                __wrap___aeabi_lmul
 *fill*         0x10002616        0x2 
 .text.__aeabi_float_init
                0x10002618       0x64 CMakeFiles/main.dir/usr/local/picosdk/src/rp2_common/pico_float/float_init_rom_rp2040.c.obj
                0x10002618                __aeabi_float_init
 .text.float_table_shim_on_use_helper
                0x1000267c       0x2c CMakeFiles/main.dir/usr/local/picosdk/src/rp2_common/pico_float/float_v1_rom_shim_rp2040.S.obj
                0x1000267c                float_table_shim_on_use_helper
 .text.__wrap_malloc
                0x100026a8       0x24 CMakeFiles/main.dir/usr/local/picosdk/src/rp2_common/pico_malloc/malloc.c.obj
                0x100026a8                __wrap_malloc
 .text          0x100026cc       0x10 CMakeFiles/main.dir/usr/local/picosdk/src/rp2_common/pico_mem_ops/mem_ops_aeabi.S.obj
                0x100026cc                __aeabi_mem_init
 .text.memset   0x100026dc        0xc CMakeFiles/main.dir/usr/local/picosdk/src/rp2_common/pico_mem_ops/mem_ops_aeabi.S.obj
                0x100026dc                __wrap_memset
 .text.memcpy   0x100026e8        0xc CMakeFiles/main.dir/usr/local/picosdk/src/rp2_common/pico_mem_ops/mem_ops_aeabi.S.obj
                0x100026e8                __wrap___aeabi_memcpy
                0x100026e8                __wrap_memcpy
 .text._out_null
                0x100026f4        0x4 CMakeFiles/main.dir/usr/local/picosdk/src/rp2_common/pico_printf/printf.c.obj
 .text._out_rev
                0x100026f8       0xac CMakeFiles/main.dir/usr/local/picosdk/src/rp2_common/pico_printf/printf.c.obj
 .text._ntoa_format
                0x100027a4      0x250 CMakeFiles/main.dir/usr/local/picosdk/src/rp2_common/pico_printf/printf.c.obj
 .text._out_char
                0x100029f4       0x10 CMakeFiles/main.dir/usr/local/picosdk/src/rp2_common/pico_printf/printf.c.obj
 .text._out_fct
                0x10002a04       0x10 CMakeFiles/main.dir/usr/local/picosdk/src/rp2_common/pico_printf/printf.c.obj
 .text._etoa    0x10002a14      0x464 CMakeFiles/main.dir/usr/local/picosdk/src/rp2_common/pico_printf/printf.c.obj
 .text._ftoa    0x10002e78      0x3c0 CMakeFiles/main.dir/usr/local/picosdk/src/rp2_common/pico_printf/printf.c.obj
 .text._vsnprintf
                0x10003238      0xbc8 CMakeFiles/main.dir/usr/local/picosdk/src/rp2_common/pico_printf/printf.c.obj
 .text.vfctprintf
                0x10003e00       0x20 CMakeFiles/main.dir/usr/local/picosdk/src/rp2_common/pico_printf/printf.c.obj
                0x10003e00                vfctprintf
 .text.weak_raw_vprintf
                0x10003e20       0x30 CMakeFiles/main.dir/usr/local/picosdk/src/rp2_common/pico_printf/printf.c.obj
                0x10003e20                weak_raw_vprintf
 .text._exit    0x10003e50        0x4 CMakeFiles/main.dir/usr/local/picosdk/src/rp2_common/pico_clib_interface/newlib_interface.c.obj
                0x10003e50                _exit
 .text._sbrk    0x10003e54       0x34 CMakeFiles/main.dir/usr/local/picosdk/src/rp2_common/pico_clib_interface/newlib_interface.c.obj
                0x10003e54                _sbrk
 .text.exit     0x10003e88        0x8 CMakeFiles/main.dir/usr/local/picosdk/src/rp2_common/pico_clib_interface/newlib_interface.c.obj
                0x10003e88                exit
 .text.runtime_init
                0x10003e90       0x2c CMakeFiles/main.dir/usr/local/picosdk/src/rp2_common/pico_clib_interface/newlib_interface.c.obj
                0x10003e90                runtime_init
 .text.stdio_out_chars_no_crlf
                0x10003ebc       0x10 CMakeFiles/main.dir/usr/local/picosdk/src/rp2_common/pico_stdio/stdio.c.obj
 .text.stdio_out_chars_crlf
                0x10003ecc       0x94 CMakeFiles/main.dir/usr/local/picosdk/src/rp2_common/pico_stdio/stdio.c.obj
 .text.stdio_buffered_printer
                0x10003f60       0x64 CMakeFiles/main.dir/usr/local/picosdk/src/rp2_common/pico_stdio/stdio.c.obj
 .text.stdio_put_string
                0x10003fc4      0x100 CMakeFiles/main.dir/usr/local/picosdk/src/rp2_common/pico_stdio/stdio.c.obj
                0x10003fc4                stdio_put_string
 .text.stdio_set_driver_enabled
                0x100040c4       0x30 CMakeFiles/main.dir/usr/local/picosdk/src/rp2_common/pico_stdio/stdio.c.obj
                0x100040c4                stdio_set_driver_enabled
 .text.stdio_init_all
                0x100040f4       0x10 CMakeFiles/main.dir/usr/local/picosdk/src/rp2_common/pico_stdio/stdio.c.obj
                0x100040f4                stdio_init_all
 .text.__wrap_putchar
                0x10004104       0x98 CMakeFiles/main.dir/usr/local/picosdk/src/rp2_common/pico_stdio/stdio.c.obj
                0x10004104                stdio_putchar
                0x10004104                __wrap_putchar
 .text.__wrap_puts
                0x1000419c       0x3c CMakeFiles/main.dir/usr/local/picosdk/src/rp2_common/pico_stdio/stdio.c.obj
                0x1000419c                __wrap_puts
                0x1000419c                stdio_puts
 .text.__wrap_vprintf
                0x100041d8       0xd4 CMakeFiles/main.dir/usr/local/picosdk/src/rp2_common/pico_stdio/stdio.c.obj
                0x100041d8                __wrap_vprintf
                0x100041d8                stdio_vprintf
 .text.__wrap_printf
                0x100042ac       0x18 CMakeFiles/main.dir/usr/local/picosdk/src/rp2_common/pico_stdio/stdio.c.obj
                0x100042ac                stdio_printf
                0x100042ac                __wrap_printf
 .text.stdio_uart_out_chars
                0x100042c4       0x4c CMakeFiles/main.dir/usr/local/picosdk/src/rp2_common/pico_stdio_uart/stdio_uart.c.obj
 .text.stdio_uart_in_chars
                0x10004310       0x90 CMakeFiles/main.dir/usr/local/picosdk/src/rp2_common/pico_stdio_uart/stdio_uart.c.obj
                0x10004310                stdio_uart_in_chars
 .text.on_uart_rx
                0x100043a0       0x28 CMakeFiles/main.dir/usr/local/picosdk/src/rp2_common/pico_stdio_uart/stdio_uart.c.obj
 .text.stdio_uart_out_flush
                0x100043c8       0x10 CMakeFiles/main.dir/usr/local/picosdk/src/rp2_common/pico_stdio_uart/stdio_uart.c.obj
 .text.stdio_uart_set_chars_available_callback
                0x100043d8       0x8c CMakeFiles/main.dir/usr/local/picosdk/src/rp2_common/pico_stdio_uart/stdio_uart.c.obj
 .text.stdio_uart_init
                0x10004464       0x50 CMakeFiles/main.dir/usr/local/picosdk/src/rp2_common/pico_stdio_uart/stdio_uart.c.obj
                0x10004464                stdio_uart_init
 .text.resetd_init
                0x100044b4        0x4 CMakeFiles/main.dir/usr/local/picosdk/src/rp2_common/pico_stdio_usb/reset_interface.c.obj
 .text.resetd_reset
                0x100044b8        0xc CMakeFiles/main.dir/usr/local/picosdk/src/rp2_common/pico_stdio_usb/reset_interface.c.obj
 .text.resetd_open
                0x100044c4       0x28 CMakeFiles/main.dir/usr/local/picosdk/src/rp2_common/pico_stdio_usb/reset_interface.c.obj
 .text.resetd_xfer_cb
                0x100044ec        0x4 CMakeFiles/main.dir/usr/local/picosdk/src/rp2_common/pico_stdio_usb/reset_interface.c.obj
 .text.resetd_control_xfer_cb
                0x100044f0       0x54 CMakeFiles/main.dir/usr/local/picosdk/src/rp2_common/pico_stdio_usb/reset_interface.c.obj
 .text.tud_descriptor_bos_cb
                0x10004544        0x8 CMakeFiles/main.dir/usr/local/picosdk/src/rp2_common/pico_stdio_usb/reset_interface.c.obj
                0x10004544                tud_descriptor_bos_cb
 .text.tud_vendor_control_xfer_cb
                0x1000454c       0x34 CMakeFiles/main.dir/usr/local/picosdk/src/rp2_common/pico_stdio_usb/reset_interface.c.obj
                0x1000454c                tud_vendor_control_xfer_cb
 .text.usbd_app_driver_get_cb
                0x10004580        0xc CMakeFiles/main.dir/usr/local/picosdk/src/rp2_common/pico_stdio_usb/reset_interface.c.obj
                0x10004580                usbd_app_driver_get_cb
 .text.tud_cdc_line_coding_cb
                0x1000458c       0x28 CMakeFiles/main.dir/usr/local/picosdk/src/rp2_common/pico_stdio_usb/reset_interface.c.obj
                0x1000458c                tud_cdc_line_coding_cb
 .text.stdio_usb_set_chars_available_callback
                0x100045b4       0x14 CMakeFiles/main.dir/usr/local/picosdk/src/rp2_common/pico_stdio_usb/stdio_usb.c.obj
                0x100045b4                stdio_usb_set_chars_available_callback
 .text.usb_irq  0x100045c8       0x10 CMakeFiles/main.dir/usr/local/picosdk/src/rp2_common/pico_stdio_usb/stdio_usb.c.obj
 .text.timer_task
                0x100045d8       0x64 CMakeFiles/main.dir/usr/local/picosdk/src/rp2_common/pico_stdio_usb/stdio_usb.c.obj
 .text.stdio_usb_in_chars
                0x1000463c       0x90 CMakeFiles/main.dir/usr/local/picosdk/src/rp2_common/pico_stdio_usb/stdio_usb.c.obj
                0x1000463c                stdio_usb_in_chars
 .text.stdio_usb_out_flush
                0x100046cc       0x50 CMakeFiles/main.dir/usr/local/picosdk/src/rp2_common/pico_stdio_usb/stdio_usb.c.obj
 .text.stdio_usb_out_chars
                0x1000471c      0x104 CMakeFiles/main.dir/usr/local/picosdk/src/rp2_common/pico_stdio_usb/stdio_usb.c.obj
 .text.low_priority_worker_irq
                0x10004820       0xcc CMakeFiles/main.dir/usr/local/picosdk/src/rp2_common/pico_stdio_usb/stdio_usb.c.obj
 .text.stdio_usb_init
                0x100048ec       0xe8 CMakeFiles/main.dir/usr/local/picosdk/src/rp2_common/pico_stdio_usb/stdio_usb.c.obj
                0x100048ec                stdio_usb_init
 .text.tud_descriptor_device_cb
                0x100049d4        0x8 CMakeFiles/main.dir/usr/local/picosdk/src/rp2_common/pico_stdio_usb/stdio_usb_descriptors.c.obj
                0x100049d4                tud_descriptor_device_cb
 .text.tud_descriptor_configuration_cb
                0x100049dc        0x8 CMakeFiles/main.dir/usr/local/picosdk/src/rp2_common/pico_stdio_usb/stdio_usb_descriptors.c.obj
                0x100049dc                tud_descriptor_configuration_cb
 .text.tud_descriptor_string_cb
                0x100049e4       0x78 CMakeFiles/main.dir/usr/local/picosdk/src/rp2_common/pico_stdio_usb/stdio_usb_descriptors.c.obj
                0x100049e4                tud_descriptor_string_cb
 .text.startup._retrieve_unique_id_on_boot
                0x10004a5c       0x10 CMakeFiles/main.dir/usr/local/picosdk/src/rp2_common/pico_unique_id/unique_id.c.obj
 .text.pico_get_unique_board_id_string
                0x10004a6c      0x1a8 CMakeFiles/main.dir/usr/local/picosdk/src/rp2_common/pico_unique_id/unique_id.c.obj
                0x10004a6c                pico_get_unique_board_id_string
 .text.flash_get_unique_id
                0x10004c14       0x3c CMakeFiles/main.dir/usr/local/picosdk/src/rp2_common/hardware_flash/flash.c.obj
                0x10004c14                flash_get_unique_id
 .text.dcd_init
                0x10004c50       0x8c CMakeFiles/main.dir/usr/local/picosdk/lib/tinyusb/src/portable/raspberrypi/rp2040/dcd_rp2040.c.obj
                0x10004c50                dcd_init
 .text.dcd_int_enable
                0x10004cdc        0xc CMakeFiles/main.dir/usr/local/picosdk/lib/tinyusb/src/portable/raspberrypi/rp2040/dcd_rp2040.c.obj
                0x10004cdc                dcd_int_enable
 .text.dcd_set_address
                0x10004ce8       0x14 CMakeFiles/main.dir/usr/local/picosdk/lib/tinyusb/src/portable/raspberrypi/rp2040/dcd_rp2040.c.obj
                0x10004ce8                dcd_set_address
 .text.dcd_sof_enable
                0x10004cfc       0x1c CMakeFiles/main.dir/usr/local/picosdk/lib/tinyusb/src/portable/raspberrypi/rp2040/dcd_rp2040.c.obj
                0x10004cfc                dcd_sof_enable
 .text.dcd_edpt0_status_complete
                0x10004d18       0x1c CMakeFiles/main.dir/usr/local/picosdk/lib/tinyusb/src/portable/raspberrypi/rp2040/dcd_rp2040.c.obj
                0x10004d18                dcd_edpt0_status_complete
 .text.dcd_edpt_open
                0x10004d34      0x108 CMakeFiles/main.dir/usr/local/picosdk/lib/tinyusb/src/portable/raspberrypi/rp2040/dcd_rp2040.c.obj
                0x10004d34                dcd_edpt_open
 .text.dcd_edpt_close_all
                0x10004e3c        0x8 CMakeFiles/main.dir/usr/local/picosdk/lib/tinyusb/src/portable/raspberrypi/rp2040/dcd_rp2040.c.obj
                0x10004e3c                dcd_edpt_close_all
 .text.dcd_edpt_xfer
                0x10004e44       0x24 CMakeFiles/main.dir/usr/local/picosdk/lib/tinyusb/src/portable/raspberrypi/rp2040/dcd_rp2040.c.obj
                0x10004e44                dcd_edpt_xfer
 .text.dcd_edpt_stall
                0x10004e68       0x34 CMakeFiles/main.dir/usr/local/picosdk/lib/tinyusb/src/portable/raspberrypi/rp2040/dcd_rp2040.c.obj
                0x10004e68                dcd_edpt_stall
 .text.dcd_edpt_clear_stall
                0x10004e9c       0x30 CMakeFiles/main.dir/usr/local/picosdk/lib/tinyusb/src/portable/raspberrypi/rp2040/dcd_rp2040.c.obj
                0x10004e9c                dcd_edpt_clear_stall
 .text.rp2040_usb_init
                0x10004ecc       0x40 CMakeFiles/main.dir/usr/local/picosdk/lib/tinyusb/src/portable/raspberrypi/rp2040/rp2040_usb.c.obj
                0x10004ecc                rp2040_usb_init
 .text.hw_endpoint_xfer_start
                0x10004f0c       0x40 CMakeFiles/main.dir/usr/local/picosdk/lib/tinyusb/src/portable/raspberrypi/rp2040/rp2040_usb.c.obj
                0x10004f0c                hw_endpoint_xfer_start
 .text.tud_event_hook_cb
                0x10004f4c        0x4 CMakeFiles/main.dir/usr/local/picosdk/lib/tinyusb/src/device/usbd.c.obj
                0x10004f4c                tud_event_hook_cb
 .text.tud_sof_cb
                0x10004f50        0x4 CMakeFiles/main.dir/usr/local/picosdk/lib/tinyusb/src/device/usbd.c.obj
                0x10004f50                tud_sof_cb
 .text.tud_descriptor_device_qualifier_cb
                0x10004f54        0x4 CMakeFiles/main.dir/usr/local/picosdk/lib/tinyusb/src/device/usbd.c.obj
                0x10004f54                tud_descriptor_device_qualifier_cb
 .text.tud_descriptor_other_speed_configuration_cb
                0x10004f58        0x4 CMakeFiles/main.dir/usr/local/picosdk/lib/tinyusb/src/device/usbd.c.obj
                0x10004f58                tud_descriptor_other_speed_configuration_cb
 .text.tud_mount_cb
                0x10004f5c        0x4 CMakeFiles/main.dir/usr/local/picosdk/lib/tinyusb/src/device/usbd.c.obj
                0x10004f5c                tud_mount_cb
 .text.tud_umount_cb
                0x10004f60        0x4 CMakeFiles/main.dir/usr/local/picosdk/lib/tinyusb/src/device/usbd.c.obj
                0x10004f60                tud_umount_cb
 .text.tud_suspend_cb
                0x10004f64        0x4 CMakeFiles/main.dir/usr/local/picosdk/lib/tinyusb/src/device/usbd.c.obj
                0x10004f64                tud_suspend_cb
 .text.tud_resume_cb
                0x10004f68        0x4 CMakeFiles/main.dir/usr/local/picosdk/lib/tinyusb/src/device/usbd.c.obj
                0x10004f68                tud_resume_cb
 .text.tud_mounted
                0x10004f6c       0x10 CMakeFiles/main.dir/usr/local/picosdk/lib/tinyusb/src/device/usbd.c.obj
                0x10004f6c                tud_mounted
 .text.tud_suspended
                0x10004f7c       0x10 CMakeFiles/main.dir/usr/local/picosdk/lib/tinyusb/src/device/usbd.c.obj
                0x10004f7c                tud_suspended
 .text.tud_init
                0x10004f8c       0xe4 CMakeFiles/main.dir/usr/local/picosdk/lib/tinyusb/src/device/usbd.c.obj
                0x10004f8c                tud_init
 .text.tud_task_ext
                0x10005070      0x800 CMakeFiles/main.dir/usr/local/picosdk/lib/tinyusb/src/device/usbd.c.obj
                0x10005070                tud_task_ext
 .text.usbd_open_edpt_pair
                0x10005870       0x9c CMakeFiles/main.dir/usr/local/picosdk/lib/tinyusb/src/device/usbd.c.obj
                0x10005870                usbd_open_edpt_pair
 .text.usbd_edpt_open
                0x1000590c       0x34 CMakeFiles/main.dir/usr/local/picosdk/lib/tinyusb/src/device/usbd.c.obj
                0x1000590c                usbd_edpt_open
 .text.usbd_edpt_claim
                0x10005940       0x28 CMakeFiles/main.dir/usr/local/picosdk/lib/tinyusb/src/device/usbd.c.obj
                0x10005940                usbd_edpt_claim
 .text.usbd_edpt_release
                0x10005968       0x28 CMakeFiles/main.dir/usr/local/picosdk/lib/tinyusb/src/device/usbd.c.obj
                0x10005968                usbd_edpt_release
 .text.usbd_edpt_xfer
                0x10005990       0x4c CMakeFiles/main.dir/usr/local/picosdk/lib/tinyusb/src/device/usbd.c.obj
                0x10005990                usbd_edpt_xfer
 .text.tud_control_status
                0x100059dc       0x2c CMakeFiles/main.dir/usr/local/picosdk/lib/tinyusb/src/device/usbd_control.c.obj
                0x100059dc                tud_control_status
 .text.tud_control_xfer
                0x10005a08       0xac CMakeFiles/main.dir/usr/local/picosdk/lib/tinyusb/src/device/usbd_control.c.obj
                0x10005a08                tud_control_xfer
 .text.usbd_control_reset
                0x10005ab4       0x14 CMakeFiles/main.dir/usr/local/picosdk/lib/tinyusb/src/device/usbd_control.c.obj
                0x10005ab4                usbd_control_reset
 .text.usbd_control_set_complete_callback
                0x10005ac8        0xc CMakeFiles/main.dir/usr/local/picosdk/lib/tinyusb/src/device/usbd_control.c.obj
                0x10005ac8                usbd_control_set_complete_callback
 .text.usbd_control_set_request
                0x10005ad4       0x1c CMakeFiles/main.dir/usr/local/picosdk/lib/tinyusb/src/device/usbd_control.c.obj
                0x10005ad4                usbd_control_set_request
 .text.usbd_control_xfer_cb
                0x10005af0       0xec CMakeFiles/main.dir/usr/local/picosdk/lib/tinyusb/src/device/usbd_control.c.obj
                0x10005af0                usbd_control_xfer_cb
 .text._prep_out_transaction.isra.0
                0x10005bdc       0x5c CMakeFiles/main.dir/usr/local/picosdk/lib/tinyusb/src/class/cdc/cdc_device.c.obj
 .text.tud_cdc_n_connected
                0x10005c38       0x30 CMakeFiles/main.dir/usr/local/picosdk/lib/tinyusb/src/class/cdc/cdc_device.c.obj
                0x10005c38                tud_cdc_n_connected
 .text.tud_cdc_n_available
                0x10005c68       0x18 CMakeFiles/main.dir/usr/local/picosdk/lib/tinyusb/src/class/cdc/cdc_device.c.obj
                0x10005c68                tud_cdc_n_available
 .text.tud_cdc_n_read
                0x10005c80       0x98 CMakeFiles/main.dir/usr/local/picosdk/lib/tinyusb/src/class/cdc/cdc_device.c.obj
                0x10005c80                tud_cdc_n_read
 .text.tud_cdc_n_write_flush
                0x10005d18       0x78 CMakeFiles/main.dir/usr/local/picosdk/lib/tinyusb/src/class/cdc/cdc_device.c.obj
                0x10005d18                tud_cdc_n_write_flush
 .text.tud_cdc_n_write
                0x10005d90       0x40 CMakeFiles/main.dir/usr/local/picosdk/lib/tinyusb/src/class/cdc/cdc_device.c.obj
                0x10005d90                tud_cdc_n_write
 .text.tud_cdc_n_write_available
                0x10005dd0       0x18 CMakeFiles/main.dir/usr/local/picosdk/lib/tinyusb/src/class/cdc/cdc_device.c.obj
                0x10005dd0                tud_cdc_n_write_available
 .text.cdcd_init
                0x10005de8       0x7c CMakeFiles/main.dir/usr/local/picosdk/lib/tinyusb/src/class/cdc/cdc_device.c.obj
                0x10005de8                cdcd_init
 .text.cdcd_deinit
                0x10005e64       0x34 CMakeFiles/main.dir/usr/local/picosdk/lib/tinyusb/src/class/cdc/cdc_device.c.obj
                0x10005e64                cdcd_deinit
 .text.cdcd_reset
                0x10005e98       0x4c CMakeFiles/main.dir/usr/local/picosdk/lib/tinyusb/src/class/cdc/cdc_device.c.obj
                0x10005e98                cdcd_reset
 .text.cdcd_open
                0x10005ee4       0xb0 CMakeFiles/main.dir/usr/local/picosdk/lib/tinyusb/src/class/cdc/cdc_device.c.obj
                0x10005ee4                cdcd_open
 .text.cdcd_control_xfer_cb
                0x10005f94       0xe4 CMakeFiles/main.dir/usr/local/picosdk/lib/tinyusb/src/class/cdc/cdc_device.c.obj
                0x10005f94                cdcd_control_xfer_cb
 .text.cdcd_xfer_cb
                0x10006078      0x100 CMakeFiles/main.dir/usr/local/picosdk/lib/tinyusb/src/class/cdc/cdc_device.c.obj
                0x10006078                cdcd_xfer_cb
 .text.tud_vendor_n_write_flush
                0x10006178       0x78 CMakeFiles/main.dir/usr/local/picosdk/lib/tinyusb/src/class/vendor/vendor_device.c.obj
                0x10006178                tud_vendor_n_write_flush
 .text.vendord_init
                0x100061f0       0x64 CMakeFiles/main.dir/usr/local/picosdk/lib/tinyusb/src/class/vendor/vendor_device.c.obj
                0x100061f0                vendord_init
 .text.vendord_deinit
                0x10006254       0x34 CMakeFiles/main.dir/usr/local/picosdk/lib/tinyusb/src/class/vendor/vendor_device.c.obj
                0x10006254                vendord_deinit
 .text.vendord_reset
                0x10006288       0x1c CMakeFiles/main.dir/usr/local/picosdk/lib/tinyusb/src/class/vendor/vendor_device.c.obj
                0x10006288                vendord_reset
 .text.vendord_open
                0x100062a4       0xd8 CMakeFiles/main.dir/usr/local/picosdk/lib/tinyusb/src/class/vendor/vendor_device.c.obj
                0x100062a4                vendord_open
 .text.vendord_xfer_cb
                0x1000637c       0xc8 CMakeFiles/main.dir/usr/local/picosdk/lib/tinyusb/src/class/vendor/vendor_device.c.obj
                0x1000637c                vendord_xfer_cb
 .text.tusb_init
                0x10006444        0xc CMakeFiles/main.dir/usr/local/picosdk/lib/tinyusb/src/tusb.c.obj
                0x10006444                tusb_init
 .text.tu_edpt_claim
                0x10006450       0x50 CMakeFiles/main.dir/usr/local/picosdk/lib/tinyusb/src/tusb.c.obj
                0x10006450                tu_edpt_claim
 .text.tu_edpt_release
                0x100064a0       0x38 CMakeFiles/main.dir/usr/local/picosdk/lib/tinyusb/src/tusb.c.obj
                0x100064a0                tu_edpt_release
 .text.tu_edpt_validate
                0x100064d8       0x7c CMakeFiles/main.dir/usr/local/picosdk/lib/tinyusb/src/tusb.c.obj
                0x100064d8                tu_edpt_validate
 .text.tu_edpt_bind_driver
                0x10006554       0x34 CMakeFiles/main.dir/usr/local/picosdk/lib/tinyusb/src/tusb.c.obj
                0x10006554                tu_edpt_bind_driver
 .text.tu_fifo_config
                0x10006588       0x6c CMakeFiles/main.dir/usr/local/picosdk/lib/tinyusb/src/common/tusb_fifo.c.obj
                0x10006588                tu_fifo_config
 .text.tu_fifo_count
                0x100065f4       0x2c CMakeFiles/main.dir/usr/local/picosdk/lib/tinyusb/src/common/tusb_fifo.c.obj
                0x100065f4                tu_fifo_count
 .text.tu_fifo_empty
                0x10006620       0x10 CMakeFiles/main.dir/usr/local/picosdk/lib/tinyusb/src/common/tusb_fifo.c.obj
                0x10006620                tu_fifo_empty
 .text.tu_fifo_remaining
                0x10006630       0x2c CMakeFiles/main.dir/usr/local/picosdk/lib/tinyusb/src/common/tusb_fifo.c.obj
                0x10006630                tu_fifo_remaining
 .text.tu_fifo_read
                0x1000665c       0x9c CMakeFiles/main.dir/usr/local/picosdk/lib/tinyusb/src/common/tusb_fifo.c.obj
                0x1000665c                tu_fifo_read
 .text.tu_fifo_read_n
                0x100066f8       0xe8 CMakeFiles/main.dir/usr/local/picosdk/lib/tinyusb/src/common/tusb_fifo.c.obj
                0x100066f8                tu_fifo_read_n
 .text.tu_fifo_write
                0x100067e0       0xa8 CMakeFiles/main.dir/usr/local/picosdk/lib/tinyusb/src/common/tusb_fifo.c.obj
                0x100067e0                tu_fifo_write
 .text.tu_fifo_write_n
                0x10006888      0x178 CMakeFiles/main.dir/usr/local/picosdk/lib/tinyusb/src/common/tusb_fifo.c.obj
                0x10006888                tu_fifo_write_n
 .text.tu_fifo_clear
                0x10006a00       0x40 CMakeFiles/main.dir/usr/local/picosdk/lib/tinyusb/src/common/tusb_fifo.c.obj
                0x10006a00                tu_fifo_clear
 .text.tu_fifo_set_overwritable
                0x10006a40       0x48 CMakeFiles/main.dir/usr/local/picosdk/lib/tinyusb/src/common/tusb_fifo.c.obj
                0x10006a40                tu_fifo_set_overwritable
 .text.spi_init
                0x10006a88      0x13c CMakeFiles/main.dir/usr/local/picosdk/src/rp2_common/hardware_spi/spi.c.obj
                0x10006a88                spi_init
 .text.i2c_set_baudrate
                0x10006bc4       0xc0 CMakeFiles/main.dir/usr/local/picosdk/src/rp2_common/hardware_i2c/i2c.c.obj
                0x10006bc4                i2c_set_baudrate
 .text.i2c_init
                0x10006c84       0x50 CMakeFiles/main.dir/usr/local/picosdk/src/rp2_common/hardware_i2c/i2c.c.obj
                0x10006c84                i2c_init
 .text.HSM_OLED_1in3_C_test
                0x10006cd4      0x1e4 examples/libexamples.a(HSM_OLED_1in3_C_test.c.obj)
                0x10006cd4                HSM_OLED_1in3_C_test
 .text.OLED_1in3_C_Init
                0x10006eb8      0x340 lib/OLED/libOLED.a(OLED_1in3_c.c.obj)
                0x10006eb8                OLED_1in3_C_Init
 .text.OLED_1in3_C_Clear
                0x100071f8       0xa0 lib/OLED/libOLED.a(OLED_1in3_c.c.obj)
                0x100071f8                OLED_1in3_C_Clear
 .text.OLED_1in3_C_Display
                0x10007298       0xe8 lib/OLED/libOLED.a(OLED_1in3_c.c.obj)
                0x10007298                OLED_1in3_C_Display
 .text.Paint_SetPixel.part.0
                0x10007380      0x140 lib/GUI/libGUI.a(GUI_Paint.c.obj)
 .text.Paint_DrawChar.part.0
                0x100074c0       0xe8 lib/GUI/libGUI.a(GUI_Paint.c.obj)
 .text.Paint_DrawPoint.constprop.0
                0x100075a8      0x198 lib/GUI/libGUI.a(GUI_Paint.c.obj)
 .text.Paint_DrawPoint.constprop.1
                0x10007740      0x2a0 lib/GUI/libGUI.a(GUI_Paint.c.obj)
 .text.Paint_DrawLine.part.0
                0x100079e0      0x3e4 lib/GUI/libGUI.a(GUI_Paint.c.obj)
 .text.Paint_NewImage
                0x10007dc4       0x40 lib/GUI/libGUI.a(GUI_Paint.c.obj)
                0x10007dc4                Paint_NewImage
 .text.Paint_SelectImage
                0x10007e04        0xc lib/GUI/libGUI.a(GUI_Paint.c.obj)
                0x10007e04                Paint_SelectImage
 .text.Paint_Clear
                0x10007e10       0xd4 lib/GUI/libGUI.a(GUI_Paint.c.obj)
                0x10007e10                Paint_Clear
 .text.Paint_DrawPoint
                0x10007ee4      0x310 lib/GUI/libGUI.a(GUI_Paint.c.obj)
                0x10007ee4                Paint_DrawPoint
 .text.Paint_DrawLine
                0x100081f4       0x3c lib/GUI/libGUI.a(GUI_Paint.c.obj)
                0x100081f4                Paint_DrawLine
 .text.Paint_DrawRectangle
                0x10008230      0x11c lib/GUI/libGUI.a(GUI_Paint.c.obj)
                0x10008230                Paint_DrawRectangle
 .text.Paint_DrawCircle
                0x1000834c      0x524 lib/GUI/libGUI.a(GUI_Paint.c.obj)
                0x1000834c                Paint_DrawCircle
 .text.Paint_DrawString_EN
                0x10008870       0xa8 lib/GUI/libGUI.a(GUI_Paint.c.obj)
                0x10008870                Paint_DrawString_EN
 .text.DEV_Digital_Write
                0x10008918       0x14 lib/Config/libConfig.a(DEV_Config.c.obj)
                0x10008918                DEV_Digital_Write
 .text.DEV_SPI_WriteByte
                0x1000892c       0x1c lib/Config/libConfig.a(DEV_Config.c.obj)
                0x1000892c                DEV_SPI_WriteByte
 .text.DEV_Delay_ms
                0x10008948       0x50 lib/Config/libConfig.a(DEV_Config.c.obj)
                0x10008948                DEV_Delay_ms
 .text.DEV_Module_Init
                0x10008998      0x104 lib/Config/libConfig.a(DEV_Config.c.obj)
                0x10008998                DEV_Module_Init
 .text.DEV_Module_Exit
                0x10008a9c        0x4 lib/Config/libConfig.a(DEV_Config.c.obj)
                0x10008a9c                DEV_Module_Exit
 .text          0x10008aa0      0x5b4 /usr/lib/gcc/arm-none-eabi/13.2.1/../../../arm-none-eabi/lib/thumb/v6-m/nofp/libg.a(libc_a-mallocr.o)
                0x10008aa0                _malloc_r
 .text          0x10009054      0x288 /usr/lib/gcc/arm-none-eabi/13.2.1/../../../arm-none-eabi/lib/thumb/v6-m/nofp/libg.a(libc_a-freer.o)
                0x10009054                _malloc_trim_r
                0x10009108                _free_r
 .text          0x100092dc       0x28 /usr/lib/gcc/arm-none-eabi/13.2.1/../../../arm-none-eabi/lib/thumb/v6-m/nofp/libg.a(libc_a-malloc.o)
                0x100092dc                malloc
                0x100092f0                free
 .text          0x10009304       0x1c /usr/lib/gcc/arm-none-eabi/13.2.1/../../../arm-none-eabi/lib/thumb/v6-m/nofp/libg.a(libc_a-sysconf.o)
                0x10009304                sysconf
 .text          0x10009320        0x8 /usr/lib/gcc/arm-none-eabi/13.2.1/../../../arm-none-eabi/lib/thumb/v6-m/nofp/libg.a(libc_a-mlock.o)
                0x10009320                __malloc_lock
                0x10009324                __malloc_unlock
 .text          0x10009328       0x10 /usr/lib/gcc/arm-none-eabi/13.2.1/../../../arm-none-eabi/lib/thumb/v6-m/nofp/libg.a(libc_a-atexit.o)
                0x10009328                atexit
 .text          0x10009338       0x5c /usr/lib/gcc/arm-none-eabi/13.2.1/../../../arm-none-eabi/lib/thumb/v6-m/nofp/libg.a(libc_a-strlen-stub.o)
                0x10009338                strlen
 .text          0x10009394       0x24 /usr/lib/gcc/arm-none-eabi/13.2.1/../../../arm-none-eabi/lib/thumb/v6-m/nofp/libg.a(libc_a-sbrkr.o)
                0x10009394                _sbrk_r
 .text          0x100093b8       0x28 /usr/lib/gcc/arm-none-eabi/13.2.1/../../../arm-none-eabi/lib/thumb/v6-m/nofp/libg.a(libc_a-fini.o)
                0x100093b8                __libc_fini_array
 .text          0x100093e0        0xc /usr/lib/gcc/arm-none-eabi/13.2.1/../../../arm-none-eabi/lib/thumb/v6-m/nofp/libg.a(libc_a-errno.o)
                0x100093e0                __errno
 .text          0x100093ec       0x78 /usr/lib/gcc/arm-none-eabi/13.2.1/../../../arm-none-eabi/lib/thumb/v6-m/nofp/libg.a(libc_a-__atexit.o)
                0x100093ec                __register_exitproc
 .text.startup  0x10009464       0x18 /usr/lib/gcc/arm-none-eabi/13.2.1/../../../arm-none-eabi/lib/thumb/v6-m/nofp/libg.a(libc_a-__call_atexit.o)
 *(.fini)
 .fini          0x1000947c        0x4 /usr/lib/gcc/arm-none-eabi/13.2.1/thumb/v6-m/nofp/crti.o
                0x1000947c                _fini
 .fini.__stub   0x10009480       0xd0 linker stubs
 *crtbegin.o(.ctors)
 *crtbegin?.o(.ctors)
 *(EXCLUDE_FILE(*crtend.o *crtend?.o) .ctors)
 *(SORT_BY_NAME(.ctors.*))
 *(.ctors)
 *crtbegin.o(.dtors)
 *crtbegin?.o(.dtors)
 *(EXCLUDE_FILE(*crtend.o *crtend?.o) .dtors)
 *(SORT_BY_NAME(.dtors.*))
 *(.dtors)
                0x10009550                        . = ALIGN (0x4)
                0x10009550                        PROVIDE (__preinit_array_start = .)
 *(SORT_BY_NAME(.preinit_array.*))
 .preinit_array.00100
                0x10009550        0x4 CMakeFiles/main.dir/usr/local/picosdk/src/rp2_common/pico_runtime_init/runtime_init.c.obj
                0x10009550                __pre_init_runtime_init_early_resets
 .preinit_array.00101
                0x10009554        0x4 CMakeFiles/main.dir/usr/local/picosdk/src/rp2_common/pico_runtime_init/runtime_init.c.obj
                0x10009554                __pre_init_runtime_init_usb_power_down
 .preinit_array.00275
                0x10009558        0x4 CMakeFiles/main.dir/usr/local/picosdk/src/rp2_common/pico_bit_ops/bit_ops_aeabi.S.obj
 .preinit_array.00300
                0x1000955c        0x4 CMakeFiles/main.dir/usr/local/picosdk/src/rp2_common/pico_mem_ops/mem_ops_aeabi.S.obj
 .preinit_array.00350
                0x10009560        0x4 CMakeFiles/main.dir/usr/local/picosdk/src/rp2_common/pico_double/double_aeabi_rp2040.S.obj
 .preinit_array.00350
                0x10009564        0x4 CMakeFiles/main.dir/usr/local/picosdk/src/rp2_common/pico_float/float_aeabi_rp2040.S.obj
 .preinit_array.00500
                0x10009568        0x4 CMakeFiles/main.dir/usr/local/picosdk/src/rp2_common/pico_runtime_init/runtime_init.c.obj
                0x10009568                __pre_init_runtime_init_clocks
 .preinit_array.00600
                0x1000956c        0x4 CMakeFiles/main.dir/usr/local/picosdk/src/rp2_common/pico_runtime_init/runtime_init.c.obj
                0x1000956c                __pre_init_runtime_init_post_clock_resets
 .preinit_array.00700
                0x10009570        0x4 CMakeFiles/main.dir/usr/local/picosdk/src/rp2_common/pico_runtime_init/runtime_init.c.obj
                0x10009570                __pre_init_runtime_init_rp2040_gpio_ie_disable
 .preinit_array.01000
                0x10009574        0x4 CMakeFiles/main.dir/usr/local/picosdk/src/rp2_common/pico_runtime_init/runtime_init.c.obj
                0x10009574                __pre_init_runtime_init_spin_locks_reset
 .preinit_array.01100
                0x10009578        0x4 CMakeFiles/main.dir/usr/local/picosdk/src/common/pico_sync/mutex.c.obj
                0x10009578                __pre_init_runtime_init_mutex
 .preinit_array.10080
                0x1000957c        0x4 CMakeFiles/main.dir/usr/local/picosdk/src/rp2_common/pico_runtime_init/runtime_init.c.obj
                0x1000957c                __pre_init_runtime_init_install_ram_vector_table
 .preinit_array.11000
                0x10009580        0x4 CMakeFiles/main.dir/usr/local/picosdk/src/common/pico_time/time.c.obj
                0x10009580                __pre_init_runtime_init_default_alarm_pool
 .preinit_array.YYYYY
                0x10009584        0x4 CMakeFiles/main.dir/usr/local/picosdk/src/rp2_common/pico_runtime/runtime.c.obj
                0x10009584                __pre_init_first_per_core_initializer
 .preinit_array.ZZZZZ.01200
                0x10009588        0x4 CMakeFiles/main.dir/usr/local/picosdk/src/rp2_common/hardware_irq/irq.c.obj
                0x10009588                __pre_init_runtime_init_per_core_irq_priorities
 *(.preinit_array)
                0x1000958c                        PROVIDE (__preinit_array_end = .)
                0x1000958c                        . = ALIGN (0x4)
                0x1000958c                        PROVIDE (__init_array_start = .)
 *(SORT_BY_NAME(.init_array.*))
 .init_array.00000
                0x1000958c        0x4 /usr/lib/gcc/arm-none-eabi/13.2.1/../../../arm-none-eabi/lib/thumb/v6-m/nofp/libg.a(libc_a-__call_atexit.o)
 *(.init_array)
 .init_array    0x10009590        0x4 /usr/lib/gcc/arm-none-eabi/13.2.1/thumb/v6-m/nofp/crtbegin.o
 .init_array    0x10009594        0x4 CMakeFiles/main.dir/usr/local/picosdk/src/rp2_common/pico_unique_id/unique_id.c.obj
                0x10009598                        PROVIDE (__init_array_end = .)
                0x10009598                        . = ALIGN (0x4)
                0x10009598                        PROVIDE (__fini_array_start = .)
 *(SORT_BY_NAME(.fini_array.*))
 *(.fini_array)
                0x10009598                        PROVIDE (__fini_array_end = .)
 *(.eh_frame*)
 .eh_frame      0x10009598        0x0 /usr/lib/gcc/arm-none-eabi/13.2.1/thumb/v6-m/nofp/crtbegin.o
                0x10009598                        . = ALIGN (0x4)

.glue_7         0x10009598        0x0
 .glue_7        0x10009598        0x0 linker stubs

.glue_7t        0x10009598        0x0
 .glue_7t       0x10009598        0x0 linker stubs

.vfp11_veneer   0x10009598        0x0
 .vfp11_veneer  0x10009598        0x0 linker stubs

.v4_bx          0x10009598        0x0
 .v4_bx         0x10009598        0x0 linker stubs

.iplt           0x10009598        0x0
 .iplt          0x10009598        0x0 /usr/lib/gcc/arm-none-eabi/13.2.1/thumb/v6-m/nofp/crtbegin.o

.rodata         0x10009598      0xf1c
 *(EXCLUDE_FILE(*libm.a: *libc.a:*lib_a-mem*.o *libgcc.a:) .rodata*)
 .rodata.panic.str1.4
                0x10009598      0x2f5 CMakeFiles/main.dir/usr/local/picosdk/src/rp2_common/pico_platform_panic/panic.c.obj
                                 0x12 (size before relaxing)
 .rodata.spin_lock_claim_unused.str1.4
                0x1000988d       0x1b CMakeFiles/main.dir/usr/local/picosdk/src/rp2_common/hardware_sync/sync.c.obj
 .rodata.user_irq_claim_unused.str1.4
                0x1000988d       0x1b CMakeFiles/main.dir/usr/local/picosdk/src/rp2_common/hardware_irq/irq.c.obj
 .rodata.timer_hardware_alarm_claim.str1.4
                0x1000988d       0x22 CMakeFiles/main.dir/usr/local/picosdk/src/rp2_common/hardware_timer/timer.c.obj
 .rodata.hard_assertion_failure.str1.4
                0x1000988d        0xc CMakeFiles/main.dir/usr/local/picosdk/src/rp2_common/pico_runtime/runtime.c.obj
 .rodata.__wrap_malloc.str1.4
                0x1000988d        0xe CMakeFiles/main.dir/usr/local/picosdk/src/rp2_common/pico_malloc/malloc.c.obj
 .rodata.str1.4
                0x1000988d       0x2c CMakeFiles/main.dir/usr/local/picosdk/src/rp2_common/pico_standard_binary_info/standard_binary_info.c.obj
 *fill*         0x1000988d        0x3 
 .rodata.__bi_84
                0x10009890        0xc CMakeFiles/main.dir/usr/local/picosdk/src/rp2_common/pico_standard_binary_info/standard_binary_info.c.obj
 .rodata.__bi_54
                0x1000989c        0xc CMakeFiles/main.dir/usr/local/picosdk/src/rp2_common/pico_standard_binary_info/standard_binary_info.c.obj
 .rodata.__bi_48
                0x100098a8        0xc CMakeFiles/main.dir/usr/local/picosdk/src/rp2_common/pico_standard_binary_info/standard_binary_info.c.obj
 .rodata.__bi_42
                0x100098b4        0xc CMakeFiles/main.dir/usr/local/picosdk/src/rp2_common/pico_standard_binary_info/standard_binary_info.c.obj
 .rodata.__bi_34
                0x100098c0        0xc CMakeFiles/main.dir/usr/local/picosdk/src/rp2_common/pico_standard_binary_info/standard_binary_info.c.obj
 .rodata.__bi_26
                0x100098cc        0xc CMakeFiles/main.dir/usr/local/picosdk/src/rp2_common/pico_standard_binary_info/standard_binary_info.c.obj
 .rodata._ftoa.str1.4
                0x100098d8       0x15 CMakeFiles/main.dir/usr/local/picosdk/src/rp2_common/pico_printf/printf.c.obj
 .rodata._vsnprintf
                0x100098d8      0x19c CMakeFiles/main.dir/usr/local/picosdk/src/rp2_common/pico_printf/printf.c.obj
 *fill*         0x10009a74        0x4 
 .rodata.pow10.0
                0x10009a78       0x50 CMakeFiles/main.dir/usr/local/picosdk/src/rp2_common/pico_printf/printf.c.obj
 .rodata.crlf_str.0
                0x10009ac8        0x2 CMakeFiles/main.dir/usr/local/picosdk/src/rp2_common/pico_stdio/stdio.c.obj
 .rodata.str1.4
                0x10009aca       0x2c CMakeFiles/main.dir/usr/local/picosdk/src/rp2_common/pico_stdio_uart/stdio_uart.c.obj
 *fill*         0x10009aca        0x2 
 .rodata.__bi_45.4
                0x10009acc        0xc CMakeFiles/main.dir/usr/local/picosdk/src/rp2_common/pico_stdio_uart/stdio_uart.c.obj
 .rodata.__bi_49.5
                0x10009ad8        0x8 CMakeFiles/main.dir/usr/local/picosdk/src/rp2_common/pico_stdio_uart/stdio_uart.c.obj
 .rodata.__bi_50.6
                0x10009ae0        0x8 CMakeFiles/main.dir/usr/local/picosdk/src/rp2_common/pico_stdio_uart/stdio_uart.c.obj
 .rodata._resetd_driver
                0x10009ae8       0x20 CMakeFiles/main.dir/usr/local/picosdk/src/rp2_common/pico_stdio_usb/reset_interface.c.obj
 .rodata.desc_ms_os_20
                0x10009b08       0xa6 CMakeFiles/main.dir/usr/local/picosdk/src/rp2_common/pico_stdio_usb/reset_interface.c.obj
 *fill*         0x10009bae        0x2 
 .rodata.desc_bos
                0x10009bb0       0x21 CMakeFiles/main.dir/usr/local/picosdk/src/rp2_common/pico_stdio_usb/reset_interface.c.obj
                0x10009bb0                desc_bos
 .rodata.str1.4
                0x10009bd1       0x13 CMakeFiles/main.dir/usr/local/picosdk/src/rp2_common/pico_stdio_usb/stdio_usb.c.obj
 *fill*         0x10009bd1        0x3 
 .rodata.__bi_197.0
                0x10009bd4        0xc CMakeFiles/main.dir/usr/local/picosdk/src/rp2_common/pico_stdio_usb/stdio_usb.c.obj
 .rodata.str1.4
                0x10009be0       0x2a CMakeFiles/main.dir/usr/local/picosdk/src/rp2_common/pico_stdio_usb/stdio_usb_descriptors.c.obj
 .rodata.usbd_desc_str
                0x10009be0       0x18 CMakeFiles/main.dir/usr/local/picosdk/src/rp2_common/pico_stdio_usb/stdio_usb_descriptors.c.obj
 .rodata.usbd_desc_cfg
                0x10009bf8       0x54 CMakeFiles/main.dir/usr/local/picosdk/src/rp2_common/pico_stdio_usb/stdio_usb_descriptors.c.obj
 .rodata.usbd_desc_device
                0x10009c4c       0x12 CMakeFiles/main.dir/usr/local/picosdk/src/rp2_common/pico_stdio_usb/stdio_usb_descriptors.c.obj
 .rodata.str1.4
                0x10009c5e       0x14 CMakeFiles/main.dir/usr/local/picosdk/lib/tinyusb/src/portable/raspberrypi/rp2040/dcd_rp2040.c.obj
 .rodata.str1.4
                0x10009c5e       0x48 CMakeFiles/main.dir/usr/local/picosdk/lib/tinyusb/src/portable/raspberrypi/rp2040/rp2040_usb.c.obj
 *fill*         0x10009c5e        0x2 
 .rodata.tud_task_ext
                0x10009c60       0x8c CMakeFiles/main.dir/usr/local/picosdk/lib/tinyusb/src/device/usbd.c.obj
 .rodata        0x10009cec       0x1c CMakeFiles/main.dir/usr/local/picosdk/lib/tinyusb/src/device/usbd.c.obj
 .rodata._usbd_driver
                0x10009d08       0x40 CMakeFiles/main.dir/usr/local/picosdk/lib/tinyusb/src/device/usbd.c.obj
 .rodata.HSM_OLED_1in3_C_test.str1.4
                0x10009d48       0xf9 examples/libexamples.a(HSM_OLED_1in3_C_test.c.obj)
 .rodata.Paint_DrawPoint.constprop.0.str1.4
                0x10009d48       0x49 lib/GUI/libGUI.a(GUI_Paint.c.obj)
 .rodata        0x10009d48      0x474 lib/Fonts/libFonts.a(font12.c.obj)
                0x10009d48                Font12_Table
 .rodata        0x1000a1bc      0x2f8 lib/Fonts/libFonts.a(font8.c.obj)
                0x1000a1bc                Font8_Table
 .rodata.DEV_Module_Init.str1.4
                0x1000a4b4       0x15 lib/Config/libConfig.a(DEV_Config.c.obj)
                0x1000a4cc                        . = ALIGN (0x4)
 *(SORT_BY_ALIGNMENT(SORT_BY_NAME(.flashdata*)))
                0x1000a4cc                        . = ALIGN (0x4)

.ARM.extab
 *(.ARM.extab* .gnu.linkonce.armextab.*)
                0x1000a4b4                        __exidx_start = .

.ARM.exidx
 *(.ARM.exidx* .gnu.linkonce.armexidx.*)
                0x1000a4b4                        __exidx_end = .
                0x1000a4cc                        . = ALIGN (0x4)
                0x1000a4b4                        __binary_info_start = .

.binary_info    0x1000a4b4       0x28
 *(.binary_info.keep.*)
 .binary_info.keep.__bi_ptr84
                0x1000a4b4        0x4 CMakeFiles/main.dir/usr/local/picosdk/src/rp2_common/pico_standard_binary_info/standard_binary_info.c.obj
 .binary_info.keep.__bi_ptr54
                0x1000a4b8        0x4 CMakeFiles/main.dir/usr/local/picosdk/src/rp2_common/pico_standard_binary_info/standard_binary_info.c.obj
 .binary_info.keep.__bi_ptr48
                0x1000a4bc        0x4 CMakeFiles/main.dir/usr/local/picosdk/src/rp2_common/pico_standard_binary_info/standard_binary_info.c.obj
 .binary_info.keep.__bi_ptr42
                0x1000a4c0        0x4 CMakeFiles/main.dir/usr/local/picosdk/src/rp2_common/pico_standard_binary_info/standard_binary_info.c.obj
 .binary_info.keep.__bi_ptr34
                0x1000a4c4        0x4 CMakeFiles/main.dir/usr/local/picosdk/src/rp2_common/pico_standard_binary_info/standard_binary_info.c.obj
 .binary_info.keep.__bi_ptr26
                0x1000a4c8        0x4 CMakeFiles/main.dir/usr/local/picosdk/src/rp2_common/pico_standard_binary_info/standard_binary_info.c.obj
 *(.binary_info.*)
 .binary_info.__bi_ptr50
                0x1000a4cc        0x4 CMakeFiles/main.dir/usr/local/picosdk/src/rp2_common/pico_stdio_uart/stdio_uart.c.obj
 .binary_info.__bi_ptr49
                0x1000a4d0        0x4 CMakeFiles/main.dir/usr/local/picosdk/src/rp2_common/pico_stdio_uart/stdio_uart.c.obj
 .binary_info.__bi_ptr45
                0x1000a4d4        0x4 CMakeFiles/main.dir/usr/local/picosdk/src/rp2_common/pico_stdio_uart/stdio_uart.c.obj
 .binary_info.__bi_ptr197
                0x1000a4d8        0x4 CMakeFiles/main.dir/usr/local/picosdk/src/rp2_common/pico_stdio_usb/stdio_usb.c.obj
                0x1000a4dc                        __binary_info_end = .

.rel.dyn        0x1000a4dc        0x0
 .rel.iplt      0x1000a4dc        0x0 /usr/lib/gcc/arm-none-eabi/13.2.1/thumb/v6-m/nofp/crtbegin.o
                0x1000a4dc                        . = ALIGN (0x4)

.ram_vector_table
                0x20000000       0xc0
 *(.ram_vector_table)
 .ram_vector_table
                0x20000000       0xc0 CMakeFiles/main.dir/usr/local/picosdk/src/rp2_common/pico_runtime_init/runtime_init.c.obj
                0x20000000                ram_vector_table

.uninitialized_data
                0x200000c0        0x0
                0x200000c0                        . = ALIGN (0x4)
 *(.uninitialized_data*)

.data           0x200000c0     0x1560 load address 0x1000a4dc
                0x200000c0                        __data_start__ = .
 *(vtable)
 *(.time_critical*)
 .time_critical.mutex_try_enter
                0x200000c0       0x40 CMakeFiles/main.dir/usr/local/picosdk/src/common/pico_sync/mutex.c.obj
                0x200000c0                mutex_try_enter
 .time_critical.mutex_try_enter_block_until
                0x20000100       0x9c CMakeFiles/main.dir/usr/local/picosdk/src/common/pico_sync/mutex.c.obj
                0x20000100                mutex_try_enter_block_until
 .time_critical.mutex_enter_timeout_ms
                0x2000019c       0x90 CMakeFiles/main.dir/usr/local/picosdk/src/common/pico_sync/mutex.c.obj
                0x2000019c                mutex_enter_timeout_ms
 .time_critical.mutex_exit
                0x2000022c       0x28 CMakeFiles/main.dir/usr/local/picosdk/src/common/pico_sync/mutex.c.obj
                0x2000022c                mutex_exit
 .time_critical.flash_init_boot2_copyout
                0x20000254       0x30 CMakeFiles/main.dir/usr/local/picosdk/src/rp2_common/hardware_flash/flash.c.obj
 .time_critical.flash_enable_xip_via_boot2
                0x20000284        0xc CMakeFiles/main.dir/usr/local/picosdk/src/rp2_common/hardware_flash/flash.c.obj
 .time_critical.flash_cs_force
                0x20000290       0x38 CMakeFiles/main.dir/usr/local/picosdk/src/rp2_common/hardware_flash/flash.c.obj
 .time_critical.flash_do_cmd
                0x200002c8       0xc0 CMakeFiles/main.dir/usr/local/picosdk/src/rp2_common/hardware_flash/flash.c.obj
                0x200002c8                flash_do_cmd
 .time_critical.reset_non_control_endpoints
                0x20000388       0x68 CMakeFiles/main.dir/usr/local/picosdk/lib/tinyusb/src/portable/raspberrypi/rp2040/dcd_rp2040.c.obj
 .time_critical.hw_handle_buff_status
                0x200003f0       0xb0 CMakeFiles/main.dir/usr/local/picosdk/lib/tinyusb/src/portable/raspberrypi/rp2040/dcd_rp2040.c.obj
 .time_critical.dcd_rp2040_irq
                0x200004a0      0x578 CMakeFiles/main.dir/usr/local/picosdk/lib/tinyusb/src/portable/raspberrypi/rp2040/dcd_rp2040.c.obj
 .time_critical.prepare_ep_buffer
                0x20000a18       0xe0 CMakeFiles/main.dir/usr/local/picosdk/lib/tinyusb/src/portable/raspberrypi/rp2040/rp2040_usb.c.obj
 .time_critical.sync_ep_buffer
                0x20000af8       0xa8 CMakeFiles/main.dir/usr/local/picosdk/lib/tinyusb/src/portable/raspberrypi/rp2040/rp2040_usb.c.obj
 .time_critical._hw_endpoint_xfer_sync
                0x20000ba0       0x28 CMakeFiles/main.dir/usr/local/picosdk/lib/tinyusb/src/portable/raspberrypi/rp2040/rp2040_usb.c.obj
 .time_critical.e15_is_bulkin_ep
                0x20000bc8       0x28 CMakeFiles/main.dir/usr/local/picosdk/lib/tinyusb/src/portable/raspberrypi/rp2040/rp2040_usb.c.obj
 .time_critical.e15_is_critical_frame_period
                0x20000bf0       0x34 CMakeFiles/main.dir/usr/local/picosdk/lib/tinyusb/src/portable/raspberrypi/rp2040/rp2040_usb.c.obj
 .time_critical.hw_endpoint_reset_transfer
                0x20000c24        0xc CMakeFiles/main.dir/usr/local/picosdk/lib/tinyusb/src/portable/raspberrypi/rp2040/rp2040_usb.c.obj
                0x20000c24                hw_endpoint_reset_transfer
 .time_critical._hw_endpoint_buffer_control_update32
                0x20000c30       0x50 CMakeFiles/main.dir/usr/local/picosdk/lib/tinyusb/src/portable/raspberrypi/rp2040/rp2040_usb.c.obj
                0x20000c30                _hw_endpoint_buffer_control_update32
 .time_critical.hw_endpoint_start_next_buffer
                0x20000c80       0x6c CMakeFiles/main.dir/usr/local/picosdk/lib/tinyusb/src/portable/raspberrypi/rp2040/rp2040_usb.c.obj
                0x20000c80                hw_endpoint_start_next_buffer
 .time_critical.hw_endpoint_xfer_continue
                0x20000cec       0x40 CMakeFiles/main.dir/usr/local/picosdk/lib/tinyusb/src/portable/raspberrypi/rp2040/rp2040_usb.c.obj
                0x20000cec                hw_endpoint_xfer_continue
 .time_critical.tinyusb
                0x20000d2c      0x1e4 CMakeFiles/main.dir/usr/local/picosdk/lib/tinyusb/src/device/usbd.c.obj
                0x20000d2c                dcd_event_handler
 .time_critical.spi_write_blocking
                0x20000f10       0x4c CMakeFiles/main.dir/usr/local/picosdk/src/rp2_common/hardware_spi/spi.c.obj
                0x20000f10                spi_write_blocking
 *(.text*)
 .text          0x20000f5c        0x4 /usr/lib/gcc/arm-none-eabi/13.2.1/thumb/v6-m/nofp/libgcc.a(_dvmd_tls.o)
                0x20000f5c                __aeabi_ldiv0
                0x20000f5c                __aeabi_idiv0
 .text.__stub   0x20000f60       0x80 linker stubs
                0x20000fe0                        . = ALIGN (0x4)
 *(.rodata*)
                0x20000fe0                        . = ALIGN (0x4)
 *(.data*)
 .data.striped_spin_lock_num
                0x20000fe0        0x1 CMakeFiles/main.dir/usr/local/picosdk/src/rp2_common/hardware_sync/sync.c.obj
 *fill*         0x20000fe1        0x3 
 .data          0x20000fe4       0x48 CMakeFiles/main.dir/usr/local/picosdk/src/rp2_common/hardware_irq/irq_handler_chain.S.obj
                0x20000fe4                irq_handler_chain_slots
                0x20001014                irq_handler_chain_first_slot
                0x2000101e                irq_handler_chain_remove_tail
 .data.default_alarm_pool
                0x2000102c       0x18 CMakeFiles/main.dir/usr/local/picosdk/src/common/pico_time/time.c.obj
 *fill*         0x20001044        0xc 
 .data.aeabi_bits_funcs
                0x20001050       0x10 CMakeFiles/main.dir/usr/local/picosdk/src/rp2_common/pico_bit_ops/bit_ops_aeabi.S.obj
                0x20001050                aeabi_bits_funcs
                0x20001060                aeabi_bits_funcs_end
 .data.aeabi_mem_funcs
                0x20001060       0x10 CMakeFiles/main.dir/usr/local/picosdk/src/rp2_common/pico_mem_ops/mem_ops_aeabi.S.obj
                0x20001060                aeabi_mem_funcs
                0x20001070                aeabi_mem_funcs_end
 .data.stdio_uart
                0x20001070       0x18 CMakeFiles/main.dir/usr/local/picosdk/src/rp2_common/pico_stdio_uart/stdio_uart.c.obj
                0x20001070                stdio_uart
 .data.stdio_usb
                0x20001088       0x18 CMakeFiles/main.dir/usr/local/picosdk/src/rp2_common/pico_stdio_usb/stdio_usb.c.obj
                0x20001088                stdio_usb
 .data._usbd_qdef
                0x200010a0       0x1c CMakeFiles/main.dir/usr/local/picosdk/lib/tinyusb/src/device/usbd.c.obj
                0x200010a0                _usbd_qdef
 .data._usbd_rhport
                0x200010bc        0x1 CMakeFiles/main.dir/usr/local/picosdk/lib/tinyusb/src/device/usbd.c.obj
 *fill*         0x200010bd        0x3 
 .data.i2c1_inst
                0x200010c0        0x8 CMakeFiles/main.dir/usr/local/picosdk/src/rp2_common/hardware_i2c/i2c.c.obj
                0x200010c0                i2c1_inst
 .data.i2c0_inst
                0x200010c8        0x8 CMakeFiles/main.dir/usr/local/picosdk/src/rp2_common/hardware_i2c/i2c.c.obj
                0x200010c8                i2c0_inst
 .data          0x200010d0        0x8 lib/Fonts/libFonts.a(font12.c.obj)
                0x200010d0                Font12
 .data          0x200010d8        0x8 lib/Fonts/libFonts.a(font8.c.obj)
                0x200010d8                Font8
 .data          0x200010e0      0x128 /usr/lib/gcc/arm-none-eabi/13.2.1/../../../arm-none-eabi/lib/thumb/v6-m/nofp/libg.a(libc_a-impure.o)
                0x200010e0                _impure_ptr
                0x200010e8                _impure_data
 .data          0x20001208      0x410 /usr/lib/gcc/arm-none-eabi/13.2.1/../../../arm-none-eabi/lib/thumb/v6-m/nofp/libg.a(libc_a-mallocr.o)
                0x20001208                __malloc_sbrk_base
                0x2000120c                __malloc_trim_threshold
                0x20001210                __malloc_av_
                0x20001618                        . = ALIGN (0x4)
 *(.after_data.*)
                0x20001618                        . = ALIGN (0x4)
                0x20001618                        PROVIDE (__mutex_array_start = .)
 *(SORT_BY_NAME(.mutex_array.*))
 *(.mutex_array)
 .mutex_array   0x20001618        0x8 CMakeFiles/main.dir/usr/local/picosdk/src/rp2_common/pico_stdio/stdio.c.obj
                0x20001620                        PROVIDE (__mutex_array_end = .)
                0x20001620                        . = ALIGN (0x4)
 *(.jcr)
                0x20001620                        . = ALIGN (0x4)

.tm_clone_table
                0x20001620        0x0 load address 0x1000ba3c
 .tm_clone_table
                0x20001620        0x0 /usr/lib/gcc/arm-none-eabi/13.2.1/thumb/v6-m/nofp/crtbegin.o
 .tm_clone_table
                0x20001620        0x0 /usr/lib/gcc/arm-none-eabi/13.2.1/thumb/v6-m/nofp/crtend.o

.igot.plt       0x20001620        0x0 load address 0x1000ba3c
 .igot.plt      0x20001620        0x0 /usr/lib/gcc/arm-none-eabi/13.2.1/thumb/v6-m/nofp/crtbegin.o

.tdata          0x20001620        0x0 load address 0x1000ba3c
                0x20001620                        . = ALIGN (0x4)
 *(.tdata .tdata.* .gnu.linkonce.td.*)
                0x20001620                        __tdata_end = .
                0x20001620                        PROVIDE (__data_end__ = .)
                0x1000a4dc                        __etext = LOADADDR (.data)

.tbss           0x20001620        0x0 load address 0x1000ba3c
                0x20001620                        . = ALIGN (0x4)
                0x20001620                        __bss_start__ = .
                0x20001620                        __tls_base = .
 *(.tbss .tbss.* .gnu.linkonce.tb.*)
 *(.tcommon)
                0x20001620                        __tls_end = .

.bss            0x20001620     0x13a8 load address 0x1000ba3c
                0x20001620                        . = ALIGN (0x4)
                0x20001620                        __tbss_end = .
 *(SORT_BY_ALIGNMENT(SORT_BY_NAME(.bss*)))
 .bss._vendord_itf
                0x20001620      0x2bc CMakeFiles/main.dir/usr/local/picosdk/lib/tinyusb/src/class/vendor/vendor_device.c.obj
 *fill*         0x200018dc        0x4 
 .bss.default_alarm_pool_entries
                0x200018e0      0x180 CMakeFiles/main.dir/usr/local/picosdk/src/common/pico_time/time.c.obj
 .bss.last_avail_time.1
                0x20001a60        0x8 CMakeFiles/main.dir/usr/local/picosdk/src/rp2_common/pico_stdio_usb/stdio_usb.c.obj
 .bss.sd_table  0x20001a68      0x100 CMakeFiles/main.dir/usr/local/picosdk/src/rp2_common/pico_double/double_init_rom_rp2040.c.obj
                0x20001a68                sd_table
 .bss.sf_table  0x20001b68      0x100 CMakeFiles/main.dir/usr/local/picosdk/src/rp2_common/pico_float/float_init_rom_rp2040.c.obj
                0x20001b68                sf_table
 .bss           0x20001c68       0x1c /usr/lib/gcc/arm-none-eabi/13.2.1/thumb/v6-m/nofp/crtbegin.o
 .bss           0x20001c84       0x34 /usr/lib/gcc/arm-none-eabi/13.2.1/../../../arm-none-eabi/lib/thumb/v6-m/nofp/libg.a(libc_a-mallocr.o)
                0x20001c84                __malloc_top_pad
                0x20001c88                __malloc_current_mallinfo
                0x20001cb0                __malloc_max_sbrked_mem
                0x20001cb4                __malloc_max_total_mem
 .bss           0x20001cb8      0x13c /usr/lib/gcc/arm-none-eabi/13.2.1/../../../arm-none-eabi/lib/thumb/v6-m/nofp/libg.a(libc_a-findfp.o)
                0x20001cb8                __stdio_exit_handler
                0x20001cbc                __sf
 .bss           0x20001df4        0x4 /usr/lib/gcc/arm-none-eabi/13.2.1/../../../arm-none-eabi/lib/thumb/v6-m/nofp/libg.a(libc_a-reent.o)
                0x20001df4                errno
 .bss           0x20001df8      0x190 /usr/lib/gcc/arm-none-eabi/13.2.1/../../../arm-none-eabi/lib/thumb/v6-m/nofp/libg.a(libc_a-__atexit.o)
                0x20001df8                __atexit0
 .bss           0x20001f88        0x4 /usr/lib/gcc/arm-none-eabi/13.2.1/../../../arm-none-eabi/lib/thumb/v6-m/nofp/libg.a(libc_a-__call_atexit.o)
                0x20001f88                __atexit
 .bss.Paint     0x20001f8c       0x18 lib/GUI/libGUI.a(GUI_Paint.c.obj)
                0x20001f8c                Paint
 .bss._app_driver
                0x20001fa4        0x4 CMakeFiles/main.dir/usr/local/picosdk/lib/tinyusb/src/device/usbd.c.obj
 .bss._cdcd_fifo_cfg
                0x20001fa8        0x1 CMakeFiles/main.dir/usr/local/picosdk/lib/tinyusb/src/class/cdc/cdc_device.c.obj
 *fill*         0x20001fa9        0x3 
 .bss._cdcd_itf
                0x20001fac      0x2c8 CMakeFiles/main.dir/usr/local/picosdk/lib/tinyusb/src/class/cdc/cdc_device.c.obj
 .bss._ctrl_xfer
                0x20002274       0x14 CMakeFiles/main.dir/usr/local/picosdk/lib/tinyusb/src/device/usbd_control.c.obj
 .bss._ubsd_mutexdef
                0x20002288        0x8 CMakeFiles/main.dir/usr/local/picosdk/lib/tinyusb/src/device/usbd.c.obj
 .bss._usbd_ctrl_buf
                0x20002290       0x40 CMakeFiles/main.dir/usr/local/picosdk/lib/tinyusb/src/device/usbd_control.c.obj
 .bss._usbd_dev
                0x200022d0       0x54 CMakeFiles/main.dir/usr/local/picosdk/lib/tinyusb/src/device/usbd.c.obj
 .bss._usbd_mutex
                0x20002324        0x4 CMakeFiles/main.dir/usr/local/picosdk/lib/tinyusb/src/device/usbd.c.obj
 .bss._usbd_q   0x20002328        0x4 CMakeFiles/main.dir/usr/local/picosdk/lib/tinyusb/src/device/usbd.c.obj
 .bss._usbd_qdef_buf
                0x2000232c       0xc0 CMakeFiles/main.dir/usr/local/picosdk/lib/tinyusb/src/device/usbd.c.obj
                0x2000232c                _usbd_qdef_buf
 .bss.boot2_copyout
                0x200023ec      0x100 CMakeFiles/main.dir/usr/local/picosdk/src/rp2_common/hardware_flash/flash.c.obj
 .bss.chars_available_callback
                0x200024ec        0x4 CMakeFiles/main.dir/usr/local/picosdk/src/rp2_common/pico_stdio_uart/stdio_uart.c.obj
 .bss.chars_available_callback
                0x200024f0        0x4 CMakeFiles/main.dir/usr/local/picosdk/src/rp2_common/pico_stdio_usb/stdio_usb.c.obj
 .bss.chars_available_param
                0x200024f4        0x4 CMakeFiles/main.dir/usr/local/picosdk/src/rp2_common/pico_stdio_uart/stdio_uart.c.obj
 .bss.chars_available_param
                0x200024f8        0x4 CMakeFiles/main.dir/usr/local/picosdk/src/rp2_common/pico_stdio_usb/stdio_usb.c.obj
 .bss.claimed   0x200024fc        0x4 CMakeFiles/main.dir/usr/local/picosdk/src/rp2_common/hardware_sync/sync.c.obj
 .bss.claimed   0x20002500        0x1 CMakeFiles/main.dir/usr/local/picosdk/src/rp2_common/hardware_timer/timer.c.obj
 *fill*         0x20002501        0x3 
 .bss.configured_freq
                0x20002504       0x28 CMakeFiles/main.dir/usr/local/picosdk/src/rp2_common/hardware_clocks/clocks.c.obj
 .bss.desc_str.0
                0x2000252c       0x28 CMakeFiles/main.dir/usr/local/picosdk/src/rp2_common/pico_stdio_usb/stdio_usb_descriptors.c.obj
 .bss.drivers   0x20002554        0x4 CMakeFiles/main.dir/usr/local/picosdk/src/rp2_common/pico_stdio/stdio.c.obj
 .bss.e15_last_sof
                0x20002558        0x4 CMakeFiles/main.dir/usr/local/picosdk/lib/tinyusb/src/portable/raspberrypi/rp2040/rp2040_usb.c.obj
                0x20002558                e15_last_sof
 .bss.filter    0x2000255c        0x4 CMakeFiles/main.dir/usr/local/picosdk/src/rp2_common/pico_stdio/stdio.c.obj
 .bss.heap_end.0
                0x20002560        0x4 CMakeFiles/main.dir/usr/local/picosdk/src/rp2_common/pico_clib_interface/newlib_interface.c.obj
 .bss.hw_endpoints
                0x20002564      0x400 CMakeFiles/main.dir/usr/local/picosdk/lib/tinyusb/src/portable/raspberrypi/rp2040/dcd_rp2040.c.obj
 .bss.lazy_vsnprintf
                0x20002964        0x4 CMakeFiles/main.dir/usr/local/picosdk/src/rp2_common/pico_printf/printf.c.obj
 .bss.load_value
                0x20002968        0x4 CMakeFiles/main.dir/usr/local/picosdk/src/rp2_common/hardware_watchdog/watchdog.c.obj
 .bss.next_buffer_ptr
                0x2000296c        0x4 CMakeFiles/main.dir/usr/local/picosdk/lib/tinyusb/src/portable/raspberrypi/rp2040/dcd_rp2040.c.obj
 .bss.one_shot_timer_crit_sec
                0x20002970        0x8 CMakeFiles/main.dir/usr/local/picosdk/src/rp2_common/pico_stdio_usb/stdio_usb.c.obj
 .bss.pools     0x20002978       0x10 CMakeFiles/main.dir/usr/local/picosdk/src/common/pico_time/time.c.obj
 .bss.retrieved_id
                0x20002988        0x8 CMakeFiles/main.dir/usr/local/picosdk/src/rp2_common/pico_unique_id/unique_id.c.obj
 .bss.sf_clz_func
                0x20002990        0x4 CMakeFiles/main.dir/usr/local/picosdk/src/rp2_common/pico_double/double_init_rom_rp2040.c.obj
                0x20002990                sf_clz_func
 .bss.sleep_notifier
                0x20002994        0x4 CMakeFiles/main.dir/usr/local/picosdk/src/common/pico_time/time.c.obj
 .bss.slice_num
                0x20002998        0x4 lib/Config/libConfig.a(DEV_Config.c.obj)
                0x20002998                slice_num
 .bss.stdio_usb_mutex
                0x2000299c        0x8 CMakeFiles/main.dir/usr/local/picosdk/src/rp2_common/pico_stdio_usb/stdio_usb.c.obj
 .bss.uart_char_to_line_feed
                0x200029a4        0x4 CMakeFiles/main.dir/usr/local/picosdk/src/rp2_common/hardware_uart/uart.c.obj
                0x200029a4                uart_char_to_line_feed
 .bss.uart_instance
                0x200029a8        0x4 CMakeFiles/main.dir/usr/local/picosdk/src/rp2_common/pico_stdio_uart/stdio_uart.c.obj
 .bss.usbd_serial_str
                0x200029ac       0x11 CMakeFiles/main.dir/usr/local/picosdk/src/rp2_common/pico_stdio_usb/stdio_usb_descriptors.c.obj
 .bss._app_driver_count
                0x200029bd        0x1 CMakeFiles/main.dir/usr/local/picosdk/lib/tinyusb/src/device/usbd.c.obj
 .bss._sof_enable
                0x200029be        0x1 CMakeFiles/main.dir/usr/local/picosdk/lib/tinyusb/src/portable/raspberrypi/rp2040/dcd_rp2040.c.obj
 .bss._usbd_queued_setup
                0x200029bf        0x1 CMakeFiles/main.dir/usr/local/picosdk/lib/tinyusb/src/device/usbd.c.obj
 .bss.boot2_copyout_valid
                0x200029c0        0x1 CMakeFiles/main.dir/usr/local/picosdk/src/rp2_common/hardware_flash/flash.c.obj
 .bss.irq_handler_chain_free_slot_head
                0x200029c1        0x1 CMakeFiles/main.dir/usr/local/picosdk/src/rp2_common/hardware_irq/irq.c.obj
 .bss.itf_num   0x200029c2        0x1 CMakeFiles/main.dir/usr/local/picosdk/src/rp2_common/pico_stdio_usb/reset_interface.c.obj
 .bss.low_priority_irq_num
                0x200029c3        0x1 CMakeFiles/main.dir/usr/local/picosdk/src/rp2_common/pico_stdio_usb/stdio_usb.c.obj
 .bss.one_shot_timer_pending
                0x200029c4        0x1 CMakeFiles/main.dir/usr/local/picosdk/src/rp2_common/pico_stdio_usb/stdio_usb.c.obj
 .bss.user_irq_claimed
                0x200029c5        0x1 CMakeFiles/main.dir/usr/local/picosdk/src/rp2_common/hardware_irq/irq.c.obj
 *(COMMON)
                0x200029c8                        . = ALIGN (0x4)
 *fill*         0x200029c6        0x2 
                0x200029c8                        __bss_end__ = .

.heap           0x200029c8    0x3d638 load address 0x1000ba3c
                0x200029c8                        __end__ = .
                0x200029c8                        end = __end__
 *(.heap*)
 .heap          0x200029c8      0x800 CMakeFiles/main.dir/usr/local/picosdk/src/rp2_common/pico_crt0/crt0.S.obj
                0x20040000                        . = (ORIGIN (RAM) + LENGTH (RAM))
 *fill*         0x200031c8    0x3ce38 
                0x20040000                        __HeapLimit = .

.scratch_x      0x20040000        0x0 load address 0x1000ba3c
                0x20040000                        __scratch_x_start__ = .
 *(.scratch_x.*)
                0x20040000                        . = ALIGN (0x4)
                0x20040000                        __scratch_x_end__ = .
                0x1000ba3c                        __scratch_x_source__ = LOADADDR (.scratch_x)

.scratch_y      0x20041000        0x0 load address 0x1000ba3c
                0x20041000                        __scratch_y_start__ = .
 *(.scratch_y.*)
                0x20041000                        . = ALIGN (0x4)
                0x20041000                        __scratch_y_end__ = .
                0x1000ba3c                        __scratch_y_source__ = LOADADDR (.scratch_y)

.stack1_dummy
 *(.stack1*)

.stack_dummy    0x20041000      0x800
 *(.stack*)
 .stack         0x20041000      0x800 CMakeFiles/main.dir/usr/local/picosdk/src/rp2_common/pico_crt0/crt0.S.obj

.flash_end      0x1000ba3c        0x0
 *(.embedded_end_block*)
                0x1000ba3c                        PROVIDE (__flash_binary_end = .)
                0x20040000                        __StackLimit = (ORIGIN (RAM) + LENGTH (RAM))
                0x20041000                        __StackOneTop = (ORIGIN (SCRATCH_X) + LENGTH (SCRATCH_X))
                0x20042000                        __StackTop = (ORIGIN (SCRATCH_Y) + LENGTH (SCRATCH_Y))
                0x20041000                        __StackOneBottom = (__StackOneTop - SIZEOF (.stack1_dummy))
                0x20041800                        __StackBottom = (__StackTop - SIZEOF (.stack_dummy))
                0x20042000                        PROVIDE (__stack = __StackTop)
                [!provide]                        PROVIDE (__heap_start = __end__)
                [!provide]                        PROVIDE (__heap_end = __HeapLimit)
                [!provide]                        PROVIDE (__tls_align = MAX (ALIGNOF (.tdata), ALIGNOF (.tbss)))
                [!provide]                        PROVIDE (__tls_size_align = (((__tls_size + __tls_align) - 0x1) & ~ ((__tls_align - 0x1))))
                [!provide]                        PROVIDE (__arm32_tls_tcb_offset = MAX (0x8, __tls_align))
                [!provide]                        PROVIDE (_end = __end__)
                [!provide]                        PROVIDE (__llvm_libc_heap_limit = __HeapLimit)
                0x00000001                        ASSERT ((__StackLimit >= __HeapLimit), region RAM overflowed)
                0x00000001                        ASSERT (((__binary_info_header_end - __logical_binary_start) <= 0x100), Binary info must be in first 256 bytes of the binary)
LOAD CMakeFiles/main.dir/main.c.obj
LOAD CMakeFiles/main.dir/usr/local/picosdk/src/rp2_common/pico_stdlib/stdlib.c.obj
LOAD CMakeFiles/main.dir/usr/local/picosdk/src/rp2_common/hardware_gpio/gpio.c.obj
LOAD CMakeFiles/main.dir/usr/local/picosdk/src/rp2040/pico_platform/platform.c.obj
LOAD CMakeFiles/main.dir/usr/local/picosdk/src/rp2_common/pico_platform_panic/panic.c.obj
LOAD CMakeFiles/main.dir/usr/local/picosdk/src/common/hardware_claim/claim.c.obj
LOAD CMakeFiles/main.dir/usr/local/picosdk/src/rp2_common/hardware_sync/sync.c.obj
LOAD CMakeFiles/main.dir/usr/local/picosdk/src/rp2_common/hardware_sync_spin_lock/sync_spin_lock.c.obj
LOAD CMakeFiles/main.dir/usr/local/picosdk/src/rp2_common/hardware_irq/irq.c.obj
LOAD CMakeFiles/main.dir/usr/local/picosdk/src/rp2_common/hardware_irq/irq_handler_chain.S.obj
LOAD CMakeFiles/main.dir/usr/local/picosdk/src/common/pico_sync/sem.c.obj
LOAD CMakeFiles/main.dir/usr/local/picosdk/src/common/pico_sync/lock_core.c.obj
LOAD CMakeFiles/main.dir/usr/local/picosdk/src/common/pico_sync/mutex.c.obj
LOAD CMakeFiles/main.dir/usr/local/picosdk/src/common/pico_sync/critical_section.c.obj
LOAD CMakeFiles/main.dir/usr/local/picosdk/src/common/pico_time/time.c.obj
LOAD CMakeFiles/main.dir/usr/local/picosdk/src/common/pico_time/timeout_helper.c.obj
LOAD CMakeFiles/main.dir/usr/local/picosdk/src/rp2_common/hardware_timer/timer.c.obj
LOAD CMakeFiles/main.dir/usr/local/picosdk/src/common/pico_util/datetime.c.obj
LOAD CMakeFiles/main.dir/usr/local/picosdk/src/common/pico_util/pheap.c.obj
LOAD CMakeFiles/main.dir/usr/local/picosdk/src/common/pico_util/queue.c.obj
LOAD CMakeFiles/main.dir/usr/local/picosdk/src/rp2_common/hardware_uart/uart.c.obj
LOAD CMakeFiles/main.dir/usr/local/picosdk/src/rp2_common/hardware_clocks/clocks.c.obj
LOAD CMakeFiles/main.dir/usr/local/picosdk/src/rp2_common/hardware_pll/pll.c.obj
LOAD CMakeFiles/main.dir/usr/local/picosdk/src/rp2_common/hardware_vreg/vreg.c.obj
LOAD CMakeFiles/main.dir/usr/local/picosdk/src/rp2_common/hardware_watchdog/watchdog.c.obj
LOAD CMakeFiles/main.dir/usr/local/picosdk/src/rp2_common/hardware_ticks/ticks.c.obj
LOAD CMakeFiles/main.dir/usr/local/picosdk/src/rp2_common/hardware_xosc/xosc.c.obj
LOAD CMakeFiles/main.dir/usr/local/picosdk/src/rp2_common/hardware_divider/divider.S.obj
LOAD CMakeFiles/main.dir/usr/local/picosdk/src/rp2_common/pico_runtime/runtime.c.obj
LOAD CMakeFiles/main.dir/usr/local/picosdk/src/rp2_common/pico_runtime_init/runtime_init.c.obj
LOAD CMakeFiles/main.dir/usr/local/picosdk/src/rp2_common/pico_runtime_init/runtime_init_clocks.c.obj
LOAD CMakeFiles/main.dir/usr/local/picosdk/src/rp2_common/pico_runtime_init/runtime_init_stack_guard.c.obj
LOAD CMakeFiles/main.dir/usr/local/picosdk/src/rp2_common/pico_bit_ops/bit_ops_aeabi.S.obj
LOAD CMakeFiles/main.dir/usr/local/picosdk/src/rp2_common/pico_bootrom/bootrom.c.obj
LOAD CMakeFiles/main.dir/usr/local/picosdk/src/rp2_common/pico_bootrom/bootrom_lock.c.obj
LOAD CMakeFiles/main.dir/usr/local/picosdk/src/rp2_common/hardware_boot_lock/boot_lock.c.obj
LOAD CMakeFiles/main.dir/usr/local/picosdk/src/rp2_common/pico_divider/divider_hardware.S.obj